ARM Linker, 5.03 [Build 76] [MDK-ARM Standard]

==============================================================================

Section Cross References

    main.o(.text) refers to key.o(.text) for KEY_Scan
    main.o(.text) refers to os_time.o(.text) for OSTimeDlyHMSM
    main.o(.text) refers to rt_memclr_w.o(.text) for __aeabi_memclr4
    main.o(.text) refers to strlen.o(.text) for strlen
    main.o(.text) refers to strcat.o(.text) for strcat
    main.o(.text) refers to dma.o(.text) for DMAy_Init
    main.o(.text) refers to stm32f10x_usart.o(.text) for USART_DMACmd
    main.o(.text) refers to tftlcd.o(.text) for LCD_Clear
    main.o(.text) refers to rt_memclr.o(.text) for __aeabi_memclr
    main.o(.text) refers to cpu_core.o(.text) for CPU_Init
    main.o(.text) refers to bsp.o(.text) for BSP_CPU_ClkFreq
    main.o(.text) refers to os_cpu_c.o(.text) for OS_CPU_SysTickInit
    main.o(.text) refers to lib_mem.o(.text) for Mem_Init
    main.o(.text) refers to os_stat.o(.text) for OSStatTaskCPUUsageInit
    main.o(.text) refers to os_core.o(.text) for OSSchedRoundRobinCfg
    main.o(.text) refers to cpu_a.o(.text) for CPU_SR_Save
    main.o(.text) refers to main.o(.data) for s
    main.o(.text) refers to rs485.o(.bss) for trans_buf
    main.o(.text) refers to rs485.o(.data) for n
    main.o(.text) refers to tftlcd.o(.data) for tftlcd_data
    main.o(.text) refers to os_cfg_app.o(.constdata) for OSCfg_TickRate_Hz
    main.o(.text) refers to os_var.o(.data) for OSSchedLockNestingCtr
    main.o(.text) refers to main.o(.bss) for LED1_TASK_STK
    main.o(.text) refers to os_task.o(.text) for OSTaskCreate
    main.o(.text) refers to systick.o(.text) for Systick_Init
    main.o(.text) refers to misc.o(.text) for NVIC_PriorityGroupConfig
    main.o(.text) refers to led.o(.text) for LED_Init
    main.o(.text) refers to beep.o(.text) for BEEP_Init
    main.o(.text) refers to usart.o(.text) for USART1_Init
    main.o(.text) refers to rs485.o(.text) for RS485_Init
    startup_stm32f10x_hd.o(STACK) refers (Special) to heapauxi.o(.text) for __use_two_region_memory
    startup_stm32f10x_hd.o(HEAP) refers (Special) to heapauxi.o(.text) for __use_two_region_memory
    startup_stm32f10x_hd.o(RESET) refers (Special) to heapauxi.o(.text) for __use_two_region_memory
    startup_stm32f10x_hd.o(RESET) refers to startup_stm32f10x_hd.o(STACK) for __initial_sp
    startup_stm32f10x_hd.o(RESET) refers to startup_stm32f10x_hd.o(.text) for Reset_Handler
    startup_stm32f10x_hd.o(RESET) refers to stm32f10x_it.o(.text) for NMI_Handler
    startup_stm32f10x_hd.o(RESET) refers to os_cpu_a.o(CODE) for OS_CPU_PendSVHandler
    startup_stm32f10x_hd.o(RESET) refers to os_cpu_c.o(.text) for OS_CPU_SysTickHandler
    startup_stm32f10x_hd.o(RESET) refers to usart.o(.text) for USART1_IRQHandler
    startup_stm32f10x_hd.o(RESET) refers to rs485.o(.text) for USART2_IRQHandler
    startup_stm32f10x_hd.o(.text) refers (Special) to heapauxi.o(.text) for __use_two_region_memory
    startup_stm32f10x_hd.o(.text) refers to system_stm32f10x.o(.text) for SystemInit
    startup_stm32f10x_hd.o(.text) refers to __main.o(!!!main) for __main
    startup_stm32f10x_hd.o(.text) refers to startup_stm32f10x_hd.o(HEAP) for Heap_Mem
    startup_stm32f10x_hd.o(.text) refers to startup_stm32f10x_hd.o(STACK) for Stack_Mem
    system_stm32f10x.o(.text) refers to system_stm32f10x.o(.data) for SystemCoreClock
    stm32f10x_gpio.o(.text) refers to stm32f10x_rcc.o(.text) for RCC_APB2PeriphResetCmd
    stm32f10x_rcc.o(.text) refers to stm32f10x_rcc.o(.data) for APBAHBPrescTable
    stm32f10x_usart.o(.text) refers to stm32f10x_rcc.o(.text) for RCC_APB2PeriphResetCmd
    stm32f10x_spi.o(.text) refers to stm32f10x_rcc.o(.text) for RCC_APB2PeriphResetCmd
    stm32f10x_tim.o(.text) refers to stm32f10x_rcc.o(.text) for RCC_APB2PeriphResetCmd
    led.o(.text) refers to stm32f10x_rcc.o(.text) for RCC_APB2PeriphClockCmd
    led.o(.text) refers to stm32f10x_gpio.o(.text) for GPIO_Init
    dma.o(.text) refers to stm32f10x_rcc.o(.text) for RCC_AHBPeriphClockCmd
    dma.o(.text) refers to stm32f10x_dma.o(.text) for DMA_DeInit
    tftlcd.o(.text) refers to _printf_percent.o(.ARM.Collect$$_printf_percent$$00000000) for _printf_percent
    tftlcd.o(.text) refers to _printf_x.o(.ARM.Collect$$_printf_percent$$0000000C) for _printf_x
    tftlcd.o(.text) refers to _printf_hex_int.o(.text) for _printf_longlong_hex
    tftlcd.o(.text) refers to stm32f10x_rcc.o(.text) for RCC_APB2PeriphClockCmd
    tftlcd.o(.text) refers to stm32f10x_gpio.o(.text) for GPIO_Init
    tftlcd.o(.text) refers to stm32f10x_fsmc.o(.text) for FSMC_NORSRAMInit
    tftlcd.o(.text) refers to systick.o(.text) for delay_ms
    tftlcd.o(.text) refers to noretval__2printf.o(.text) for __2printf
    tftlcd.o(.text) refers to tftlcd.o(.data) for tftlcd_data
    tftlcd.o(.text) refers to tftlcd.o(.constdata) for ascii_1206
    rs485.o(.text) refers to _printf_percent.o(.ARM.Collect$$_printf_percent$$00000000) for _printf_percent
[...]
    EXTI1_IRQHandler                         0x0800094d   Thumb Code     2  stm32f10x_it.o(.text)
    EXTI2_IRQHandler                         0x0800094f   Thumb Code     2  stm32f10x_it.o(.text)
    EXTI3_IRQHandler                         0x08000951   Thumb Code     2  stm32f10x_it.o(.text)
    Reset_Handler                            0x08000955   Thumb Code     8  startup_stm32f10x_hd.o(.text)
    ADC1_2_IRQHandler                        0x0800096f   Thumb Code     0  startup_stm32f10x_hd.o(.text)
    ADC3_IRQHandler                          0x0800096f   Thumb Code     0  startup_stm32f10x_hd.o(.text)
    CAN1_RX1_IRQHandler                      0x0800096f   Thumb Code     0  startup_stm32f10x_hd.o(.text)
    CAN1_SCE_IRQHandler                      0x0800096f   Thumb Code     0  startup_stm32f10x_hd.o(.text)
    DMA1_Channel1_IRQHandler                 0x0800096f   Thumb Code     0  startup_stm32f10x_hd.o(.text)
    DMA1_Channel2_IRQHandler                 0x0800096f   Thumb Code     0  startup_stm32f10x_hd.o(.text)
    DMA1_Channel3_IRQHandler                 0x0800096f   Thumb Code     0  startup_stm32f10x_hd.o(.text)
    DMA1_Channel4_IRQHandler                 0x0800096f   Thumb Code     0  startup_stm32f10x_hd.o(.text)
    DMA1_Channel5_IRQHandler                 0x0800096f   Thumb Code     0  startup_stm32f10x_hd.o(.text)
    DMA1_Channel6_IRQHandler                 0x0800096f   Thumb Code     0  startup_stm32f10x_hd.o(.text)
    DMA1_Channel7_IRQHandler                 0x0800096f   Thumb Code     0  startup_stm32f10x_hd.o(.text)
    DMA2_Channel1_IRQHandler                 0x0800096f   Thumb Code     0  startup_stm32f10x_hd.o(.text)
    DMA2_Channel2_IRQHandler                 0x0800096f   Thumb Code     0  startup_stm32f10x_hd.o(.text)
    DMA2_Channel3_IRQHandler                 0x0800096f   Thumb Code     0  startup_stm32f10x_hd.o(.text)
    DMA2_Channel4_5_IRQHandler               0x0800096f   Thumb Code     0  startup_stm32f10x_hd.o(.text)
    EXTI0_IRQHandler                         0x0800096f   Thumb Code     0  startup_stm32f10x_hd.o(.text)
    EXTI15_10_IRQHandler                     0x0800096f   Thumb Code     0  startup_stm32f10x_hd.o(.text)
    EXTI4_IRQHandler                         0x0800096f   Thumb Code     0  startup_stm32f10x_hd.o(.text)
    FLASH_IRQHandler                         0x0800096f   Thumb Code     0  startup_stm32f10x_hd.o(.text)
    FSMC_IRQHandler                          0x0800096f   Thumb Code     0  startup_stm32f10x_hd.o(.text)
    I2C1_ER_IRQHandler                       0x0800096f   Thumb Code     0  startup_stm32f10x_hd.o(.text)
    I2C1_EV_IRQHandler                       0x0800096f   Thumb Code     0  startup_stm32f10x_hd.o(.text)
    I2C2_ER_IRQHandler                       0x0800096f   Thumb Code     0  startup_stm32f10x_hd.o(.text)
    I2C2_EV_IRQHandler                       0x0800096f   Thumb Code     0  startup_stm32f10x_hd.o(.text)
    PVD_IRQHandler                           0x0800096f   Thumb Code     0  startup_stm32f10x_hd.o(.text)
    RCC_IRQHandler                           0x0800096f   Thumb Code     0  startup_stm32f10x_hd.o(.text)
    RTCAlarm_IRQHandler                      0x0800096f   Thumb Code     0  startup_stm32f10x_hd.o(.text)
    RTC_IRQHandler                           0x0800096f   Thumb Code     0  startup_stm32f10x_hd.o(.text)
    SDIO_IRQHandler                          0x0800096f   Thumb Code     0  startup_stm32f10x_hd.o(.text)
    SPI1_IRQHandler                          0x0800096f   Thumb Code     0  startup_stm32f10x_hd.o(.text)
    SPI2_IRQHandler                          0x0800096f   Thumb Code     0  startup_stm32f10x_hd.o(.text)
    SPI3_IRQHandler                          0x0800096f   Thumb Code     0  startup_stm32f10x_hd.o(.text)
    TAMPER_IRQHandler                        0x0800096f   Thumb Code     0  startup_stm32f10x_hd.o(.text)
    TIM1_BRK_IRQHandler                      0x0800096f   Thumb Code     0  startup_stm32f10x_hd.o(.text)
    TIM1_CC_IRQHandler                       0x0800096f   Thumb Code     0  startup_stm32f10x_hd.o(.text)
    TIM1_TRG_COM_IRQHandler                  0x0800096f   Thumb Code     0  startup_stm32f10x_hd.o(.text)
    TIM1_UP_IRQHandler                       0x0800096f   Thumb Code     0  startup_stm32f10x_hd.o(.text)
    TIM2_IRQHandler                          0x0800096f   Thumb Code     0  startup_stm32f10x_hd.o(.text)
    TIM3_IRQHandler                          0x0800096f   Thumb Code     0  startup_stm32f10x_hd.o(.text)
    TIM4_IRQHandler                          0x0800096f   Thumb Code     0  startup_stm32f10x_hd.o(.text)
    TIM5_IRQHandler                          0x0800096f   Thumb Code     0  startup_stm32f10x_hd.o(.text)
    TIM6_IRQHandler                          0x0800096f   Thumb Code     0  startup_stm32f10x_hd.o(.text)
    TIM7_IRQHandler                          0x0800096f   Thumb Code     0  startup_stm32f10x_hd.o(.text)
    TIM8_BRK_IRQHandler                      0x0800096f   Thumb Code     0  startup_stm32f10x_hd.o(.text)
    TIM8_CC_IRQHandler                       0x0800096f   Thumb Code     0  startup_stm32f10x_hd.o(.text)
    TIM8_TRG_COM_IRQHandler                  0x0800096f   Thumb Code     0  startup_stm32f10x_hd.o(.text)
    TIM8_UP_IRQHandler                       0x0800096f   Thumb Code     0  startup_stm32f10x_hd.o(.text)
    UART4_IRQHandler                         0x0800096f   Thumb Code     0  startup_stm32f10x_hd.o(.text)
    UART5_IRQHandler                         0x0800096f   Thumb Code     0  startup_stm32f10x_hd.o(.text)
    USART3_IRQHandler                        0x0800096f   Thumb Code     0  startup_stm32f10x_hd.o(.text)
    USBWakeUp_IRQHandler                     0x0800096f   Thumb Code     0  startup_stm32f10x_hd.o(.text)
    USB_HP_CAN1_TX_IRQHandler                0x0800096f   Thumb Code     0  startup_stm32f10x_hd.o(.text)
    USB_LP_CAN1_RX0_IRQHandler               0x0800096f   Thumb Code     0  startup_stm32f10x_hd.o(.text)
    WWDG_IRQHandler                          0x0800096f   Thumb Code     0  startup_stm32f10x_hd.o(.text)
    __user_initial_stackheap                 0x08000971   Thumb Code     0  startup_stm32f10x_hd.o(.text)
    SystemInit                               0x08000a73   Thumb Code    78  system_stm32f10x.o(.text)
    SystemCoreClockUpdate                    0x08000ac1   Thumb Code   142  system_stm32f10x.o(.text)
    NVIC_PriorityGroupConfig                 0x08000b75   Thumb Code    10  misc.o(.text)
    NVIC_Init                                0x08000b7f   Thumb Code   100  misc.o(.text)
    NVIC_SetVectorTable                      0x08000be3   Thumb Code    14  misc.o(.text)
    NVIC_SystemLPConfig                      0x08000bf1   Thumb Code    34  misc.o(.text)
    SysTick_CLKSourceConfig                  0x08000c13   Thumb Code    40  misc.o(.text)
    GPIO_DeInit                              0x08000c51   Thumb Code   172  stm32f10x_gpio.o(.text)
    GPIO_AFIODeInit                          0x08000cfd   Thumb Code    20  stm32f10x_gpio.o(.text)
    GPIO_Init                                0x08000d11   Thumb Code   278  stm32f10x_gpio.o(.text)
    GPIO_StructInit                          0x08000e27   Thumb Code    16  stm32f10x_gpio.o(.text)
    GPIO_ReadInputDataBit                    0x08000e37   Thumb Code    18  stm32f10x_gpio.o(.text)
    GPIO_ReadInputData                       0x08000e49   Thumb Code     8  stm32f10x_gpio.o(.text)
    GPIO_ReadOutputDataBit                   0x08000e51   Thumb Code    18  stm32f10x_gpio.o(.text)
    GPIO_ReadOutputData                      0x08000e63   Thumb Code     8  stm32f10x_gpio.o(.text)
    GPIO_SetBits                             0x08000e6b   Thumb Code     4  stm32f10x_gpio.o(.text)
    GPIO_ResetBits                           0x08000e6f   Thumb Code     4  stm32f10x_gpio.o(.text)
    GPIO_WriteBit                            0x08000e73   Thumb Code    10  stm32f10x_gpio.o(.text)
    GPIO_Write                               0x08000e7d   Thumb Code     4  stm32f10x_gpio.o(.text)
    GPIO_PinLockConfig                       0x08000e81   Thumb Code    18  stm32f10x_gpio.o(.text)
    GPIO_EventOutputConfig                   0x08000e93   Thumb Code    26  stm32f10x_gpio.o(.text)
    GPIO_EventOutputCmd                      0x08000ead   Thumb Code     6  stm32f10x_gpio.o(.text)
    GPIO_PinRemapConfig                      0x08000eb3   Thumb Code   138  stm32f10x_gpio.o(.text)
    GPIO_EXTILineConfig                      0x08000f3d   Thumb Code    66  stm32f10x_gpio.o(.text)
    GPIO_ETH_MediaInterfaceConfig            0x08000f7f   Thumb Code     8  stm32f10x_gpio.o(.text)
    RCC_DeInit                               0x08000fad   Thumb Code    64  stm32f10x_rcc.o(.text)
    RCC_HSEConfig                            0x08000fed   Thumb Code    70  stm32f10x_rcc.o(.text)
    RCC_GetFlagStatus                        0x08001033   Thumb Code    56  stm32f10x_rcc.o(.text)
    RCC_WaitForHSEStartUp                    0x0800106b   Thumb Code    56  stm32f10x_rcc.o(.text)
    RCC_AdjustHSICalibrationValue            0x080010a3   Thumb Code    20  stm32f10x_rcc.o(.text)
    RCC_HSICmd                               0x080010b7   Thumb Code     6  stm32f10x_rcc.o(.text)
    RCC_PLLConfig                            0x080010bd   Thumb Code    24  stm32f10x_rcc.o(.text)
    RCC_PLLCmd                               0x080010d5   Thumb Code     6  stm32f10x_rcc.o(.text)
    RCC_SYSCLKConfig                         0x080010db   Thumb Code    18  stm32f10x_rcc.o(.text)
    RCC_GetSYSCLKSource                      0x080010ed   Thumb Code    10  stm32f10x_rcc.o(.text)
    RCC_HCLKConfig                           0x080010f7   Thumb Code    18  stm32f10x_rcc.o(.text)
    RCC_PCLK1Config                          0x08001109   Thumb Code    18  stm32f10x_rcc.o(.text)
    RCC_PCLK2Config                          0x0800111b   Thumb Code    20  stm32f10x_rcc.o(.text)
    RCC_ITConfig                             0x0800112f   Thumb Code    26  stm32f10x_rcc.o(.text)
    RCC_USBCLKConfig                         0x08001149   Thumb Code     8  stm32f10x_rcc.o(.text)
    RCC_ADCCLKConfig                         0x08001151   Thumb Code    18  stm32f10x_rcc.o(.text)
    RCC_LSEConfig                            0x08001163   Thumb Code    50  stm32f10x_rcc.o(.text)
    RCC_LSICmd                               0x08001195   Thumb Code     6  stm32f10x_rcc.o(.text)
    RCC_RTCCLKConfig                         0x0800119b   Thumb Code    12  stm32f10x_rcc.o(.text)
    RCC_RTCCLKCmd                            0x080011a7   Thumb Code     8  stm32f10x_rcc.o(.text)
    RCC_GetClocksFreq                        0x080011af   Thumb Code   192  stm32f10x_rcc.o(.text)
    RCC_AHBPeriphClockCmd                    0x0800126f   Thumb Code    26  stm32f10x_rcc.o(.text)
    RCC_APB2PeriphClockCmd                   0x08001289   Thumb Code    26  stm32f10x_rcc.o(.text)
    RCC_APB1PeriphClockCmd                   0x080012a3   Thumb Code    26  stm32f10x_rcc.o(.text)
    RCC_APB2PeriphResetCmd                   0x080012bd   Thumb Code    26  stm32f10x_rcc.o(.text)
    RCC_APB1PeriphResetCmd                   0x080012d7   Thumb Code    26  stm32f10x_rcc.o(.text)
    RCC_BackupResetCmd                       0x080012f1   Thumb Code     8  stm32f10x_rcc.o(.text)
    RCC_ClockSecuritySystemCmd               0x080012f9   Thumb Code     6  stm32f10x_rcc.o(.text)
    RCC_MCOConfig                            0x080012ff   Thumb Code     6  stm32f10x_rcc.o(.text)
    RCC_ClearFlag                            0x08001305   Thumb Code    14  stm32f10x_rcc.o(.text)
    RCC_GetITStatus                          0x08001313   Thumb Code    20  stm32f10x_rcc.o(.text)
    RCC_ClearITPendingBit                    0x08001327   Thumb Code     6  stm32f10x_rcc.o(.text)
    USART_DeInit                             0x08001351   Thumb Code   134  stm32f10x_usart.o(.text)
    USART_Init                               0x080013d7   Thumb Code   210  stm32f10x_usart.o(.text)
    USART_StructInit                         0x080014a9   Thumb Code    24  stm32f10x_usart.o(.text)
    USART_ClockInit                          0x080014c1   Thumb Code    34  stm32f10x_usart.o(.text)
    USART_ClockStructInit                    0x080014e3   Thumb Code    12  stm32f10x_usart.o(.text)
    USART_Cmd                                0x080014ef   Thumb Code    24  stm32f10x_usart.o(.text)
    USART_ITConfig                           0x08001507   Thumb Code    74  stm32f10x_usart.o(.text)
    USART_DMACmd                             0x08001551   Thumb Code    18  stm32f10x_usart.o(.text)
    USART_SetAddress                         0x08001563   Thumb Code    18  stm32f10x_usart.o(.text)
    USART_WakeUpConfig                       0x08001575   Thumb Code    18  stm32f10x_usart.o(.text)
    USART_ReceiverWakeUpCmd                  0x08001587   Thumb Code    24  stm32f10x_usart.o(.text)
    USART_LINBreakDetectLengthConfig         0x0800159f   Thumb Code    18  stm32f10x_usart.o(.text)
    USART_LINCmd                             0x080015b1   Thumb Code    24  stm32f10x_usart.o(.text)
    USART_SendData                           0x080015c9   Thumb Code     8  stm32f10x_usart.o(.text)
    USART_ReceiveData                        0x080015d1   Thumb Code    10  stm32f10x_usart.o(.text)
    USART_SendBreak                          0x080015db   Thumb Code    10  stm32f10x_usart.o(.text)
    USART_SetGuardTime                       0x080015e5   Thumb Code    16  stm32f10x_usart.o(.text)
    USART_SetPrescaler                       0x080015f5   Thumb Code    16  stm32f10x_usart.o(.text)
    USART_SmartCardCmd                       0x08001605   Thumb Code    24  stm32f10x_usart.o(.text)
    USART_SmartCardNACKCmd                   0x0800161d   Thumb Code    24  stm32f10x_usart.o(.text)
    USART_HalfDuplexCmd                      0x08001635   Thumb Code    24  stm32f10x_usart.o(.text)
    USART_OverSampling8Cmd                   0x0800164d   Thumb Code    22  stm32f10x_usart.o(.text)
    USART_OneBitMethodCmd                    0x08001663   Thumb Code    24  stm32f10x_usart.o(.text)
    USART_IrDAConfig                         0x0800167b   Thumb Code    18  stm32f10x_usart.o(.text)
    USART_IrDACmd                            0x0800168d   Thumb Code    24  stm32f10x_usart.o(.text)
    USART_GetFlagStatus                      0x080016a5   Thumb Code    26  stm32f10x_usart.o(.text)
    USART_ClearFlag                          0x080016bf   Thumb Code    18  stm32f10x_usart.o(.text)
    USART_GetITStatus                        0x080016d1   Thumb Code    84  stm32f10x_usart.o(.text)
    USART_ClearITPendingBit                  0x08001725   Thumb Code    52  stm32f10x_usart.o(.text)
    FSMC_NORSRAMDeInit                       0x08001759   Thumb Code    54  stm32f10x_fsmc.o(.text)
    FSMC_NANDDeInit                          0x0800178f   Thumb Code    62  stm32f10x_fsmc.o(.text)
    FSMC_PCCARDDeInit                        0x080017cd   Thumb Code    36  stm32f10x_fsmc.o(.text)
    FSMC_NORSRAMInit                         0x080017f1   Thumb Code   230  stm32f10x_fsmc.o(.text)
    FSMC_NANDInit                            0x080018d7   Thumb Code   132  stm32f10x_fsmc.o(.text)
    FSMC_PCCARDInit                          0x0800195b   Thumb Code   130  stm32f10x_fsmc.o(.text)
    FSMC_NORSRAMStructInit                   0x080019dd   Thumb Code   114  stm32f10x_fsmc.o(.text)
    FSMC_NANDStructInit                      0x08001a4f   Thumb Code    54  stm32f10x_fsmc.o(.text)
    FSMC_PCCARDStructInit                    0x08001a85   Thumb Code    60  stm32f10x_fsmc.o(.text)
    FSMC_NORSRAMCmd                          0x08001ac1   Thumb Code    46  stm32f10x_fsmc.o(.text)
    FSMC_NANDCmd                             0x08001aef   Thumb Code    86  stm32f10x_fsmc.o(.text)
    FSMC_PCCARDCmd                           0x08001b45   Thumb Code    44  stm32f10x_fsmc.o(.text)
    FSMC_NANDECCCmd                          0x08001b71   Thumb Code    90  stm32f10x_fsmc.o(.text)
    FSMC_GetECC                              0x08001bcb   Thumb Code    24  stm32f10x_fsmc.o(.text)
    FSMC_ITConfig                            0x08001be3   Thumb Code   128  stm32f10x_fsmc.o(.text)
    FSMC_GetFlagStatus                       0x08001c63   Thumb Code    54  stm32f10x_fsmc.o(.text)
    FSMC_ClearFlag                           0x08001c99   Thumb Code    62  stm32f10x_fsmc.o(.text)
    FSMC_GetITStatus                         0x08001cd7   Thumb Code    64  stm32f10x_fsmc.o(.text)
    FSMC_ClearITPendingBit                   0x08001d17   Thumb Code    68  stm32f10x_fsmc.o(.text)
    DMA_DeInit                               0x08001d65   Thumb Code   324  stm32f10x_dma.o(.text)
    DMA_Init                                 0x08001ea9   Thumb Code    60  stm32f10x_dma.o(.text)
    DMA_StructInit                           0x08001ee5   Thumb Code    26  stm32f10x_dma.o(.text)
    DMA_Cmd                                  0x08001eff   Thumb Code    24  stm32f10x_dma.o(.text)
    DMA_ITConfig                             0x08001f17   Thumb Code    18  stm32f10x_dma.o(.text)
    DMA_SetCurrDataCounter                   0x08001f29   Thumb Code     4  stm32f10x_dma.o(.text)
    DMA_GetCurrDataCounter                   0x08001f2d   Thumb Code     8  stm32f10x_dma.o(.text)
    DMA_GetFlagStatus                        0x08001f35   Thumb Code    40  stm32f10x_dma.o(.text)
    DMA_ClearFlag                            0x08001f5d   Thumb Code    22  stm32f10x_dma.o(.text)
    DMA_GetITStatus                          0x08001f73   Thumb Code    40  stm32f10x_dma.o(.text)
    DMA_ClearITPendingBit                    0x08001f9b   Thumb Code    22  stm32f10x_dma.o(.text)
    LED_Init                                 0x08001fb9   Thumb Code    46  led.o(.text)
    DMAx_Init                                0x08001fed   Thumb Code    72  dma.o(.text)
    DMAy_Init                                0x08002035   Thumb Code    74  dma.o(.text)
    DMAx_Enable                              0x0800207f   Thumb Code    32  dma.o(.text)
    TFTLCD_GPIO_Init                         0x080020a1   Thumb Code    98  tftlcd.o(.text)
    TFTLCD_FSMC_Init                         0x08002103   Thumb Code   126  tftlcd.o(.text)
    LCD_WriteCmd                             0x08002181   Thumb Code    14  tftlcd.o(.text)
    LCD_WriteData                            0x0800218f   Thumb Code    16  tftlcd.o(.text)
    LCD_WriteCmdData                         0x0800219f   Thumb Code    20  tftlcd.o(.text)
    LCD_WriteData_Color                      0x080021b3   Thumb Code    22  tftlcd.o(.text)
    LCD_ReadData                             0x080021c9   Thumb Code    14  tftlcd.o(.text)
    LCD_Display_Dir                          0x080021d7   Thumb Code    66  tftlcd.o(.text)
    LCD_Set_Window                           0x08002219   Thumb Code   202  tftlcd.o(.text)
    LCD_Clear                                0x080022e3   Thumb Code    68  tftlcd.o(.text)
    TFTLCD_Init                              0x08002327   Thumb Code  1006  tftlcd.o(.text)
    LCD_Fill                                 0x08002715   Thumb Code    92  tftlcd.o(.text)
    LCD_DrawPoint                            0x08002771   Thumb Code    28  tftlcd.o(.text)
    LCD_DrawFRONT_COLOR                      0x0800278d   Thumb Code    28  tftlcd.o(.text)
    LCD_ReadPoint                            0x080027a9   Thumb Code    68  tftlcd.o(.text)
    LCD_DrawLine                             0x080027ed   Thumb Code   176  tftlcd.o(.text)
    LCD_DrawLine_Color                       0x0800289d   Thumb Code   172  tftlcd.o(.text)
    LCD_DrowSign                             0x08002949   Thumb Code   132  tftlcd.o(.text)
    LCD_DrawRectangle                        0x080029cd   Thumb Code    60  tftlcd.o(.text)
    LCD_Draw_Circle                          0x08002a09   Thumb Code   152  tftlcd.o(.text)
    LCD_ShowChar                             0x08002aa1   Thumb Code   300  tftlcd.o(.text)
    LCD_Pow                                  0x08002bcd   Thumb Code    22  tftlcd.o(.text)
    LCD_ShowNum                              0x08002be3   Thumb Code   148  tftlcd.o(.text)
    LCD_ShowxNum                             0x08002c77   Thumb Code   190  tftlcd.o(.text)
    LCD_ShowString                           0x08002d35   Thumb Code   102  tftlcd.o(.text)
    LCD_ShowFontHZ                           0x08002d9b   Thumb Code   220  tftlcd.o(.text)
    LCD_ShowPicture                          0x08002e77   Thumb Code    92  tftlcd.o(.text)
    RS485_Init                               0x08002ee5   Thumb Code   240  rs485.o(.text)
    USART2_IRQHandler                        0x08002fd5   Thumb Code   162  rs485.o(.text)
    KEY_Init                                 0x080030ad   Thumb Code    64  key.o(.text)
    KEY_Scan                                 0x080030ed   Thumb Code   154  key.o(.text)
    BEEP_Init                                0x0800319d   Thumb Code    38  beep.o(.text)
    Systick_Init                             0x080031c9   Thumb Code    52  systick.o(.text)
    delay_us                                 0x080031fd   Thumb Code    72  systick.o(.text)
    delay_ms                                 0x08003245   Thumb Code    72  systick.o(.text)
    _sys_exit                                0x08003295   Thumb Code     6  usart.o(.text)
    fputc                                    0x0800329b   Thumb Code    32  usart.o(.text)
    USART1_Init                              0x080032bb   Thumb Code   152  usart.o(.text)
    USART1_IRQHandler                        0x08003353   Thumb Code    54  usart.o(.text)
    USART3_Init                              0x08003389   Thumb Code   162  usart.o(.text)
    BSP_Init                                 0x0800343d   Thumb Code     2  bsp.o(.text)
    BSP_CPU_ClkFreq                          0x0800343f   Thumb Code    16  bsp.o(.text)
    CPU_TS_TmrInit                           0x0800344f   Thumb Code    44  bsp.o(.text)
    CPU_TS_TmrRd                             0x0800347b   Thumb Code     6  bsp.o(.text)
    ASCII_IsAlpha                            0x08003489   Thumb Code    48  lib_ascii.o(.text)
    ASCII_IsAlphaNum                         0x080034b9   Thumb Code    76  lib_ascii.o(.text)
    ASCII_IsLower                            0x08003505   Thumb Code    20  lib_ascii.o(.text)
    ASCII_IsUpper                            0x08003519   Thumb Code    20  lib_ascii.o(.text)
    ASCII_IsDig                              0x0800352d   Thumb Code    20  lib_ascii.o(.text)
    ASCII_IsDigOct                           0x08003541   Thumb Code    20  lib_ascii.o(.text)
    ASCII_IsDigHex                           0x08003555   Thumb Code    36  lib_ascii.o(.text)
    ASCII_IsBlank                            0x08003579   Thumb Code    20  lib_ascii.o(.text)
    ASCII_IsSpace                            0x0800358d   Thumb Code    36  lib_ascii.o(.text)
    ASCII_IsPrint                            0x080035b1   Thumb Code    20  lib_ascii.o(.text)
    ASCII_IsGraph                            0x080035c5   Thumb Code    20  lib_ascii.o(.text)
    ASCII_IsPunct                            0x080035d9   Thumb Code   134  lib_ascii.o(.text)
    ASCII_IsCtrl                             0x0800365f   Thumb Code    26  lib_ascii.o(.text)
    ASCII_ToLower                            0x08003679   Thumb Code    32  lib_ascii.o(.text)
    ASCII_ToUpper                            0x08003699   Thumb Code    32  lib_ascii.o(.text)
    ASCII_Cmp                                0x080036b9   Thumb Code    38  lib_ascii.o(.text)
    Mem_Init                                 0x080036e1   Thumb Code    54  lib_mem.o(.text)
    Mem_Set                                  0x08003717   Thumb Code    98  lib_mem.o(.text)
    Mem_Clr                                  0x08003779   Thumb Code    18  lib_mem.o(.text)
    Mem_Move                                 0x0800378b   Thumb Code   204  lib_mem.o(.text)
    Mem_Cmp                                  0x08003857   Thumb Code   192  lib_mem.o(.text)
    Mem_HeapAlloc                            0x08003a0b   Thumb Code   274  lib_mem.o(.text)
    Mem_SegGetSizeRem                        0x08003b1d   Thumb Code   226  lib_mem.o(.text)
    Mem_HeapGetSizeRem                       0x08003bff   Thumb Code    22  lib_mem.o(.text)
    Mem_PoolClr                              0x08003c15   Thumb Code    78  lib_mem.o(.text)
    Mem_PoolCreate                           0x08003c63   Thumb Code  1132  lib_mem.o(.text)
    Mem_PoolBlkGetNbrAvail                   0x080040cf   Thumb Code   140  lib_mem.o(.text)
    Mem_PoolBlkGet                           0x0800415b   Thumb Code   248  lib_mem.o(.text)
    Mem_PoolBlkGetUsedAtIx                   0x08004253   Thumb Code   236  lib_mem.o(.text)
    Mem_PoolBlkFree                          0x080043a5   Thumb Code   366  lib_mem.o(.text)
    Mem_PoolBlkIxGet                         0x08004513   Thumb Code   342  lib_mem.o(.text)
    Str_Len_N                                0x0800466d   Thumb Code    28  lib_str.o(.text)
    Str_Len                                  0x08004689   Thumb Code    20  lib_str.o(.text)
    Str_Copy_N                               0x0800469d   Thumb Code    70  lib_str.o(.text)
    Str_Copy                                 0x080046e3   Thumb Code    24  lib_str.o(.text)
    Str_Cat_N                                0x080046fb   Thumb Code    90  lib_str.o(.text)
    Str_Cat                                  0x08004755   Thumb Code    24  lib_str.o(.text)
    Str_Cmp_N                                0x0800476d   Thumb Code   156  lib_str.o(.text)
    Str_Cmp                                  0x08004809   Thumb Code    24  lib_str.o(.text)
    Str_CmpIgnoreCase_N                      0x08004821   Thumb Code   264  lib_str.o(.text)
    Str_CmpIgnoreCase                        0x08004929   Thumb Code    24  lib_str.o(.text)
    Str_Char_N                               0x08004941   Thumb Code    74  lib_str.o(.text)
    Str_Char                                 0x0800498b   Thumb Code    24  lib_str.o(.text)
    Str_Char_Last_N                          0x080049a3   Thumb Code    76  lib_str.o(.text)
    Str_Char_Last                            0x080049ef   Thumb Code    24  lib_str.o(.text)
    Str_Char_Replace_N                       0x08004a07   Thumb Code    52  lib_str.o(.text)
    Str_Char_Replace                         0x08004a3b   Thumb Code    28  lib_str.o(.text)
    Str_Str_N                                0x08004a57   Thumb Code   182  lib_str.o(.text)
    Str_Str                                  0x08004b0d   Thumb Code    24  lib_str.o(.text)
    Str_FmtNbr_Int32U                        0x08004cff   Thumb Code    46  lib_str.o(.text)
    Str_FmtNbr_Int32S                        0x08004d2d   Thumb Code    62  lib_str.o(.text)
    Str_ParseNbr_Int32U                      0x08004f29   Thumb Code    30  lib_str.o(.text)
    Str_ParseNbr_Int32S                      0x08004f47   Thumb Code    74  lib_str.o(.text)
    Mem_Copy                                 0x08004f95   Thumb Code     0  lib_mem_a.o(.text)
    CPU_IntDisMeasStop                       0x080051b5   Thumb Code    62  cpu_core.o(.text)
    CPU_IntDisMeasStart                      0x080051f3   Thumb Code    38  cpu_core.o(.text)
    CPU_NameClr                              0x08005219   Thumb Code    50  cpu_core.o(.text)
    CPU_Init                                 0x080052c9   Thumb Code    16  cpu_core.o(.text)
    CPU_SW_Exception                         0x080052d9   Thumb Code     4  cpu_core.o(.text)
    CPU_NameGet                              0x080052dd   Thumb Code    78  cpu_core.o(.text)
    CPU_NameSet                              0x0800532b   Thumb Code   104  cpu_core.o(.text)
    CPU_TS_Get32                             0x08005393   Thumb Code    12  cpu_core.o(.text)
    CPU_TS_Update                            0x0800539f   Thumb Code     2  cpu_core.o(.text)
    CPU_TS_TmrFreqGet                        0x080053a1   Thumb Code    30  cpu_core.o(.text)
    CPU_TS_TmrFreqSet                        0x080053bf   Thumb Code     6  cpu_core.o(.text)
    CPU_IntDisMeasMaxCurGet                  0x080053dd   Thumb Code    40  cpu_core.o(.text)
    CPU_IntDisMeasMaxCurReset                0x08005405   Thumb Code    40  cpu_core.o(.text)
    CPU_IntDisMeasMaxGet                     0x0800542d   Thumb Code    40  cpu_core.o(.text)
    CPU_CntLeadZeros08                       0x08005455   Thumb Code    18  cpu_core.o(.text)
    CPU_CntLeadZeros16                       0x08005467   Thumb Code    18  cpu_core.o(.text)
    CPU_CntLeadZeros32                       0x08005479   Thumb Code    18  cpu_core.o(.text)
    CPU_CntLeadZeros64                       0x0800548b   Thumb Code   188  cpu_core.o(.text)
    CPU_CntTrailZeros08                      0x08005547   Thumb Code    22  cpu_core.o(.text)
    CPU_CntTrailZeros16                      0x0800555d   Thumb Code    22  cpu_core.o(.text)
    CPU_CntTrailZeros32                      0x08005573   Thumb Code    22  cpu_core.o(.text)
    CPU_CntTrailZeros64                      0x08005589   Thumb Code   104  cpu_core.o(.text)
    CPU_IntDis                               0x080055f1   Thumb Code     0  cpu_a.o(.text)
    CPU_IntEn                                0x080055f5   Thumb Code     0  cpu_a.o(.text)
    CPU_SR_Save                              0x080055f9   Thumb Code     0  cpu_a.o(.text)
    CPU_SR_Restore                           0x08005601   Thumb Code     0  cpu_a.o(.text)
    CPU_WaitForInt                           0x08005607   Thumb Code     0  cpu_a.o(.text)
    CPU_WaitForExcept                        0x0800560b   Thumb Code     0  cpu_a.o(.text)
    CPU_CntLeadZeros                         0x0800560f   Thumb Code     0  cpu_a.o(.text)
    CPU_CntTrailZeros                        0x08005615   Thumb Code     0  cpu_a.o(.text)
    CPU_RevBits                              0x0800561f   Thumb Code     0  cpu_a.o(.text)
    OSCfg_Init                               0x08005625   Thumb Code     2  os_cfg_app.o(.text)
    OS_IdleTask                              0x08005629   Thumb Code    68  os_core.o(.text)
    OS_IdleTaskInit                          0x0800566d   Thumb Code    68  os_core.o(.text)
    OS_RdyListInit                           0x080056b1   Thumb Code    32  os_core.o(.text)
    OSInit                                   0x080056d1   Thumb Code   300  os_core.o(.text)
    OSIntEnter                               0x080057fd   Thumb Code    34  os_core.o(.text)
    OSIntExit                                0x0800581f   Thumb Code   192  os_core.o(.text)
    OSSched                                  0x080058df   Thumb Code   134  os_core.o(.text)
    OS_SchedLockTimeMeasStart                0x08005965   Thumb Code    20  os_core.o(.text)
    OSSchedLock                              0x08005979   Thumb Code   112  os_core.o(.text)
    OS_SchedLockTimeMeasStop                 0x080059e9   Thumb Code    44  os_core.o(.text)
    OSSchedUnlock                            0x08005a15   Thumb Code   302  os_core.o(.text)
    OSSchedRoundRobinCfg                     0x08005b43   Thumb Code    96  os_core.o(.text)
    OS_RdyListMoveHeadToTail                 0x08005ba3   Thumb Code    68  os_core.o(.text)
    OSSchedRoundRobinYield                   0x08005be7   Thumb Code   176  os_core.o(.text)
    OSStart                                  0x08005c97   Thumb Code    78  os_core.o(.text)
    OSVersion                                0x08005ce5   Thumb Code    12  os_core.o(.text)
    OS_PendDbgNameAdd                        0x08005cf1   Thumb Code    66  os_core.o(.text)
    OS_PendListInsertPrio                    0x08005d33   Thumb Code   102  os_core.o(.text)
    OS_PendDataInit                          0x08005d99   Thumb Code    38  os_core.o(.text)
    OS_RdyListRemove                         0x08005dbf   Thumb Code    86  os_core.o(.text)
    OS_TaskBlock                             0x08005e15   Thumb Code    56  os_core.o(.text)
    OS_Pend                                  0x08005e4d   Thumb Code   168  os_core.o(.text)
    OS_PendListRemove1                       0x08005ef5   Thumb Code    66  os_core.o(.text)
    OS_PendListRemove                        0x08005f37   Thumb Code    48  os_core.o(.text)
    OS_PendAbort1                            0x08005f67   Thumb Code    36  os_core.o(.text)
    OS_RdyListInsertHead                     0x08005f8b   Thumb Code    58  os_core.o(.text)
    OS_RdyListInsertTail                     0x08005fc5   Thumb Code    56  os_core.o(.text)
    OS_RdyListInsert                         0x08005ffd   Thumb Code    40  os_core.o(.text)
    OS_TaskRdy                               0x08006025   Thumb Code    28  os_core.o(.text)
    OS_PendAbort                             0x08006041   Thumb Code   166  os_core.o(.text)
    OS_PendDbgNameRemove                     0x080060e7   Thumb Code    34  os_core.o(.text)
    OS_PendListChangePrio                    0x08006109   Thumb Code    70  os_core.o(.text)
    OS_PendListInit                          0x0800614f   Thumb Code    10  os_core.o(.text)
    OS_PendListInsertHead                    0x08006159   Thumb Code    32  os_core.o(.text)
    OS_PendObjDel1                           0x08006179   Thumb Code    36  os_core.o(.text)
    OS_PendObjDel                            0x0800619d   Thumb Code   162  os_core.o(.text)
    OS_Post1                                 0x0800623f   Thumb Code    42  os_core.o(.text)
    OS_Post                                  0x08006269   Thumb Code   192  os_core.o(.text)
    OS_Sched0                                0x08006329   Thumb Code   100  os_core.o(.text)
    OS_SchedRoundRobin                       0x0800638d   Thumb Code   218  os_core.o(.text)
    OS_Dbg_Init                              0x08006479   Thumb Code   150  os_dbg.o(.text)
    OS_FlagDbgListAdd                        0x0800662d   Thumb Code    38  os_flag.o(.text)
    OSFlagCreate                             0x08006653   Thumb Code   210  os_flag.o(.text)
    OS_FlagClr                               0x08006725   Thumb Code    28  os_flag.o(.text)
    OS_FlagDbgListRemove                     0x08006741   Thumb Code    44  os_flag.o(.text)
    OSFlagDel                                0x0800676d   Thumb Code   732  os_flag.o(.text)
    OS_FlagBlock                             0x08006a49   Thumb Code    58  os_flag.o(.text)
    OSFlagPend                               0x08006a83   Thumb Code  1670  os_flag.o(.text)
    OSFlagPendAbort                          0x08007109   Thumb Code   334  os_flag.o(.text)
    OSFlagPendGetFlagsRdy                    0x08007257   Thumb Code    94  os_flag.o(.text)
    OS_FlagTaskRdy                           0x080072b5   Thumb Code    86  os_flag.o(.text)
    OS_FlagPost                              0x0800730b   Thumb Code   626  os_flag.o(.text)
    OSFlagPost                               0x0800757d   Thumb Code   146  os_flag.o(.text)
    OS_FlagInit                              0x0800760f   Thumb Code    14  os_flag.o(.text)
    OS_IntQPost                              0x08007639   Thumb Code   224  os_int.o(.text)
    OS_IntQRePost                            0x08007719   Thumb Code   360  os_int.o(.text)
    OS_IntQTask                              0x08007881   Thumb Code   182  os_int.o(.text)
    OS_IntQTaskInit                          0x08007937   Thumb Code   208  os_int.o(.text)
    OS_MemDbgListAdd                         0x08007a99   Thumb Code    34  os_mem.o(.text)
    OSMemCreate                              0x08007abb   Thumb Code   326  os_mem.o(.text)
    OSMemGet                                 0x08007c01   Thumb Code   112  os_mem.o(.text)
    OSMemPut                                 0x08007c71   Thumb Code   124  os_mem.o(.text)
    OS_MemInit                               0x08007ced   Thumb Code    14  os_mem.o(.text)
    OS_MsgPoolInit                           0x08007d11   Thumb Code   110  os_msg.o(.text)
    OS_MsgQFreeAll                           0x08007d7f   Thumb Code    62  os_msg.o(.text)
    OS_MsgQInit                              0x08007dbd   Thumb Code    14  os_msg.o(.text)
    OS_MsgQGet                               0x08007dcb   Thumb Code    98  os_msg.o(.text)
    OS_MsgQPut                               0x08007e2d   Thumb Code   254  os_msg.o(.text)
    OS_MutexDbgListAdd                       0x08007f39   Thumb Code    38  os_mutex.o(.text)
    OSMutexCreate                            0x08007f5f   Thumb Code   216  os_mutex.o(.text)
    OS_MutexClr                              0x08008037   Thumb Code    38  os_mutex.o(.text)
    OS_MutexDbgListRemove                    0x0800805d   Thumb Code    44  os_mutex.o(.text)
    OSMutexDel                               0x08008089   Thumb Code   960  os_mutex.o(.text)
    OSMutexPend                              0x08008449   Thumb Code   812  os_mutex.o(.text)
    OSMutexPendAbort                         0x08008775   Thumb Code   334  os_mutex.o(.text)
    OSMutexPost                              0x080088c3   Thumb Code   646  os_mutex.o(.text)
    OS_MutexInit                             0x08008b49   Thumb Code    14  os_mutex.o(.text)
    OS_PrioInit                              0x08008b79   Thumb Code    20  os_prio.o(.text)
    OS_PrioGetHighest                        0x08008b8d   Thumb Code    36  os_prio.o(.text)
    OS_PrioInsert                            0x08008bb1   Thumb Code    32  os_prio.o(.text)
    OS_PrioRemove                            0x08008bd1   Thumb Code    32  os_prio.o(.text)
    OS_QDbgListAdd                           0x08008bf5   Thumb Code    38  os_q.o(.text)
    OSQCreate                                0x08008c1b   Thumb Code   224  os_q.o(.text)
    OS_QClr                                  0x08008cfb   Thumb Code    40  os_q.o(.text)
    OS_QDbgListRemove                        0x08008d23   Thumb Code    44  os_q.o(.text)
    OSQDel                                   0x08008d4f   Thumb Code   414  os_q.o(.text)
    OSQFlush                                 0x08008eed   Thumb Code   288  os_q.o(.text)
    OSQPend                                  0x0800900d   Thumb Code   560  os_q.o(.text)
    OSQPendAbort                             0x0800923d   Thumb Code   334  os_q.o(.text)
    OS_QPost                                 0x0800938b   Thumb Code   402  os_q.o(.text)
    OSQPost                                  0x0800951d   Thumb Code   176  os_q.o(.text)
    OS_QInit                                 0x080095cd   Thumb Code    14  os_q.o(.text)
    OS_SemDbgListAdd                         0x080095f5   Thumb Code    38  os_sem.o(.text)
    OSSemCreate                              0x0800961b   Thumb Code   210  os_sem.o(.text)
    OS_SemClr                                0x080096ed   Thumb Code    28  os_sem.o(.text)
    OS_SemDbgListRemove                      0x08009709   Thumb Code    44  os_sem.o(.text)
    OSSemDel                                 0x08009735   Thumb Code   414  os_sem.o(.text)
    OSSemPend                                0x080098d3   Thumb Code   562  os_sem.o(.text)
    OSSemPendAbort                           0x08009b05   Thumb Code   334  os_sem.o(.text)
    OS_SemPost                               0x08009c53   Thumb Code   404  os_sem.o(.text)
    OSSemPost                                0x08009de7   Thumb Code   162  os_sem.o(.text)
    OSSemSet                                 0x08009e89   Thumb Code   128  os_sem.o(.text)
    OS_SemInit                               0x08009f09   Thumb Code    14  os_sem.o(.text)
    OSStatReset                              0x08009f29   Thumb Code   316  os_stat.o(.text)
    OSStatTaskCPUUsageInit                   0x0800a065   Thumb Code   228  os_stat.o(.text)
    OS_StatTask                              0x0800a149   Thumb Code   984  os_stat.o(.text)
    OS_StatTaskInit                          0x0800a521   Thumb Code   138  os_stat.o(.text)
    OSTaskChangePrio                         0x0800a605   Thumb Code   482  os_task.o(.text)
    OS_TaskDbgListAdd                        0x0800a7e7   Thumb Code    42  os_task.o(.text)
    OS_TaskInitTCB                           0x0800a811   Thumb Code   194  os_task.o(.text)
    OSTaskCreate                             0x0800a8d3   Thumb Code   674  os_task.o(.text)
    OS_TaskDbgListRemove                     0x0800ab75   Thumb Code    64  os_task.o(.text)
    OSTaskDel                                0x0800abb5   Thumb Code   490  os_task.o(.text)
    OSTaskQFlush                             0x0800ad9f   Thumb Code   302  os_task.o(.text)
    OSTaskQPend                              0x0800aecd   Thumb Code   572  os_task.o(.text)
    OSTaskQPendAbort                         0x0800b109   Thumb Code   288  os_task.o(.text)
    OS_TaskQPost                             0x0800b229   Thumb Code   624  os_task.o(.text)
    OSTaskQPost                              0x0800b499   Thumb Code   114  os_task.o(.text)
    OSTaskRegGet                             0x0800b50b   Thumb Code    86  os_task.o(.text)
    OSTaskRegGetID                           0x0800b561   Thumb Code    96  os_task.o(.text)
    OSTaskRegSet                             0x0800b5c1   Thumb Code    86  os_task.o(.text)
    OS_TaskResume                            0x0800b617   Thumb Code   398  os_task.o(.text)
    OSTaskResume                             0x0800b7a5   Thumb Code   124  os_task.o(.text)
    OSTaskSemPend                            0x0800b821   Thumb Code   578  os_task.o(.text)
    OSTaskSemPendAbort                       0x0800ba63   Thumb Code   342  os_task.o(.text)
    OS_TaskSemPost                           0x0800bbb9   Thumb Code  1438  os_task.o(.text)
    OSTaskSemPost                            0x0800c157   Thumb Code    98  os_task.o(.text)
    OSTaskSemSet                             0x0800c1b9   Thumb Code    88  os_task.o(.text)
    OSTaskStkChk                             0x0800c211   Thumb Code   220  os_task.o(.text)
    OS_TaskSuspend                           0x0800c2ed   Thumb Code   414  os_task.o(.text)
    OSTaskSuspend                            0x0800c48b   Thumb Code    78  os_task.o(.text)
    OSTaskTimeQuantaSet                      0x0800c4d9   Thumb Code   104  os_task.o(.text)
    OS_TaskInit                              0x0800c541   Thumb Code    18  os_task.o(.text)
    OS_TaskReturn                            0x0800c553   Thumb Code    20  os_task.o(.text)
    OS_TickListRemove                        0x0800c58d   Thumb Code    56  os_tick.o(.text)
    OS_TickListUpdate                        0x0800c5c5   Thumb Code   520  os_tick.o(.text)
    OS_TickTask                              0x0800c7cd   Thumb Code    38  os_tick.o(.text)
    OS_TickListInit                          0x0800c7f3   Thumb Code    32  os_tick.o(.text)
    OS_TickTaskInit                          0x0800c813   Thumb Code   130  os_tick.o(.text)
    OS_TickListInsert                        0x0800c895   Thumb Code   502  os_tick.o(.text)
    OS_TickListResetPeak                     0x0800ca8b   Thumb Code    28  os_tick.o(.text)
    OSTimeDly                                0x0800cab1   Thumb Code   322  os_time.o(.text)
    OSTimeDlyHMSM                            0x0800cbf3   Thumb Code   538  os_time.o(.text)
    OSTimeDlyResume                          0x0800ce0d   Thumb Code   570  os_time.o(.text)
    OSTimeGet                                0x0800d047   Thumb Code    54  os_time.o(.text)
    OSTimeSet                                0x0800d07d   Thumb Code    54  os_time.o(.text)
    OSTimeTick                               0x0800d0b3   Thumb Code    54  os_time.o(.text)
    OS_TmrDbgListAdd                         0x0800d0fd   Thumb Code    34  os_tmr.o(.text)
    OSTmrCreate                              0x0800d11f   Thumb Code   286  os_tmr.o(.text)
    OS_TmrClr                                0x0800d23d   Thumb Code    36  os_tmr.o(.text)
    OS_TmrUnlink                             0x0800d261   Thumb Code    72  os_tmr.o(.text)
    OS_TmrDbgListRemove                      0x0800d2a9   Thumb Code    44  os_tmr.o(.text)
    OSTmrDel                                 0x0800d2d5   Thumb Code   182  os_tmr.o(.text)
    OSTmrRemainGet                           0x0800d38b   Thumb Code   188  os_tmr.o(.text)
    OS_TmrLink                               0x0800d447   Thumb Code   242  os_tmr.o(.text)
    OSTmrStart                               0x0800d539   Thumb Code   170  os_tmr.o(.text)
    OSTmrStateGet                            0x0800d5e3   Thumb Code   142  os_tmr.o(.text)
    OSTmrStop                                0x0800d671   Thumb Code   246  os_tmr.o(.text)
    OS_TmrTask                               0x0800d767   Thumb Code   176  os_tmr.o(.text)
    OS_TmrInit                               0x0800d817   Thumb Code   208  os_tmr.o(.text)
    OS_TmrResetPeak                          0x0800d8e7   Thumb Code    28  os_tmr.o(.text)
    OSIdleTaskHook                           0x0800d961   Thumb Code    16  os_cpu_c.o(.text)
    OSInitHook                               0x0800d971   Thumb Code    42  os_cpu_c.o(.text)
    OSStatTaskHook                           0x0800d99b   Thumb Code    16  os_cpu_c.o(.text)
    OSTaskCreateHook                         0x0800d9ab   Thumb Code    20  os_cpu_c.o(.text)
    OSTaskDelHook                            0x0800d9bf   Thumb Code    20  os_cpu_c.o(.text)
    OSTaskReturnHook                         0x0800d9d3   Thumb Code    20  os_cpu_c.o(.text)
    OSTaskStkInit                            0x0800d9e7   Thumb Code   188  os_cpu_c.o(.text)
    OSTaskSwHook                             0x0800daa3   Thumb Code   146  os_cpu_c.o(.text)
    OSTimeTickHook                           0x0800db35   Thumb Code    16  os_cpu_c.o(.text)
    OS_CPU_SysTickHandler                    0x0800db45   Thumb Code    60  os_cpu_c.o(.text)
    OS_CPU_SysTickInit                       0x0800db81   Thumb Code    44  os_cpu_c.o(.text)
    __2printf                                0x0800dbed   Thumb Code    20  noretval__2printf.o(.text)
    __2sprintf                               0x0800dc05   Thumb Code    34  noretval__2sprintf.o(.text)
    __printf                                 0x0800dc2d   Thumb Code   104  __printf.o(.text)
    _printf_int_dec                          0x0800dc95   Thumb Code   102  _printf_dec.o(.text)
    _printf_int_hex                          0x0800dd0d   Thumb Code    88  _printf_hex_int.o(.text)
    _printf_longlong_hex                     0x0800dd0d   Thumb Code     0  _printf_hex_int.o(.text)
    strlen                                   0x0800dd69   Thumb Code    62  strlen.o(.text)
    strcat                                   0x0800dda7   Thumb Code    24  strcat.o(.text)
    __aeabi_memcpy                           0x0800ddbf   Thumb Code     0  rt_memcpy_v6.o(.text)
    __rt_memcpy                              0x0800ddbf   Thumb Code   138  rt_memcpy_v6.o(.text)
    _memcpy_lastbytes                        0x0800de25   Thumb Code     0  rt_memcpy_v6.o(.text)
    __aeabi_memclr                           0x0800de49   Thumb Code     0  rt_memclr.o(.text)
    __rt_memclr                              0x0800de49   Thumb Code    68  rt_memclr.o(.text)
    _memset                                  0x0800de4d   Thumb Code     0  rt_memclr.o(.text)
    __aeabi_memclr4                          0x0800de8d   Thumb Code     0  rt_memclr_w.o(.text)
    __aeabi_memclr8                          0x0800de8d   Thumb Code     0  rt_memclr_w.o(.text)
    __rt_memclr_w                            0x0800de8d   Thumb Code    78  rt_memclr_w.o(.text)
    _memset_w                                0x0800de91   Thumb Code     0  rt_memclr_w.o(.text)
    __use_two_region_memory                  0x0800dedb   Thumb Code     2  heapauxi.o(.text)
    __rt_heap_escrow$2region                 0x0800dedd   Thumb Code     2  heapauxi.o(.text)
    __rt_heap_expand$2region                 0x0800dedf   Thumb Code     2  heapauxi.o(.text)
    _printf_int_common                       0x0800dee1   Thumb Code   184  _printf_intcommon.o(.text)
    _printf_char_common                      0x0800dfa3   Thumb Code    32  _printf_char_common.o(.text)
    _sputc                                   0x0800dfc9   Thumb Code    10  _sputc.o(.text)
    _printf_char_file                        0x0800dfd5   Thumb Code    32  _printf_char_file.o(.text)
    __aeabi_memcpy4                          0x0800dff9   Thumb Code     0  rt_memcpy_w.o(.text)
    __aeabi_memcpy8                          0x0800dff9   Thumb Code     0  rt_memcpy_w.o(.text)
    __rt_memcpy_w                            0x0800dff9   Thumb Code   100  rt_memcpy_w.o(.text)
    _memcpy_lastbytes_aligned                0x0800e041   Thumb Code     0  rt_memcpy_w.o(.text)
    ferror                                   0x0800e05d   Thumb Code     8  ferror.o(.text)
    __user_setup_stackheap                   0x0800e065   Thumb Code    74  sys_stackheap_outer.o(.text)
    exit                                     0x0800e0af   Thumb Code    12  exit.o(.text)
    __user_libspace                          0x0800e0bd   Thumb Code     8  libspace.o(.text)
    __user_perproc_libspace                  0x0800e0bd   Thumb Code     0  libspace.o(.text)
    __user_perthread_libspace                0x0800e0bd   Thumb Code     0  libspace.o(.text)
    OSStartHighRdy                           0x0800e0c5   Thumb Code     0  os_cpu_a.o(CODE)
    OS_CPU_PendSVHandler                     0x0800e0e7   Thumb Code     0  os_cpu_a.o(CODE)
    ascii_1206                               0x0800e148   Data        1140  tftlcd.o(.constdata)
    ascii_1608                               0x0800e5bc   Data        1520  tftlcd.o(.constdata)
    ascii_2412                               0x0800ebac   Data        3420  tftlcd.o(.constdata)
    CnChar32x29                              0x0800f908   Data        1888  tftlcd.o(.constdata)
    OSCfg_IdleTaskStkBasePtr                 0x080101fc   Data           4  os_cfg_app.o(.constdata)
    OSCfg_IdleTaskStkLimit                   0x08010200   Data           4  os_cfg_app.o(.constdata)
    OSCfg_IdleTaskStkSize                    0x08010204   Data           4  os_cfg_app.o(.constdata)
    OSCfg_IdleTaskStkSizeRAM                 0x08010208   Data           4  os_cfg_app.o(.constdata)
    OSCfg_IntQBasePtr                        0x0801020c   Data           4  os_cfg_app.o(.constdata)
    OSCfg_IntQSize                           0x08010210   Data           2  os_cfg_app.o(.constdata)
    OSCfg_IntQSizeRAM                        0x08010214   Data           4  os_cfg_app.o(.constdata)
    OSCfg_IntQTaskStkBasePtr                 0x08010218   Data           4  os_cfg_app.o(.constdata)
    OSCfg_IntQTaskStkLimit                   0x0801021c   Data           4  os_cfg_app.o(.constdata)
    OSCfg_IntQTaskStkSize                    0x08010220   Data           4  os_cfg_app.o(.constdata)
    OSCfg_IntQTaskStkSizeRAM                 0x08010224   Data           4  os_cfg_app.o(.constdata)
    OSCfg_ISRStkBasePtr                      0x08010228   Data           4  os_cfg_app.o(.constdata)
    OSCfg_ISRStkSize                         0x0801022c   Data           4  os_cfg_app.o(.constdata)
    OSCfg_ISRStkSizeRAM                      0x08010230   Data           4  os_cfg_app.o(.constdata)
    OSCfg_MsgPoolSize                        0x08010234   Data           2  os_cfg_app.o(.constdata)
    OSCfg_MsgPoolSizeRAM                     0x08010238   Data           4  os_cfg_app.o(.constdata)
    OSCfg_MsgPoolBasePtr                     0x0801023c   Data           4  os_cfg_app.o(.constdata)
    OSCfg_StatTaskPrio                       0x08010240   Data           1  os_cfg_app.o(.constdata)
    OSCfg_StatTaskRate_Hz                    0x08010244   Data           4  os_cfg_app.o(.constdata)
    OSCfg_StatTaskStkBasePtr                 0x08010248   Data           4  os_cfg_app.o(.constdata)
    OSCfg_StatTaskStkLimit                   0x0801024c   Data           4  os_cfg_app.o(.constdata)
    OSCfg_StatTaskStkSize                    0x08010250   Data           4  os_cfg_app.o(.constdata)
    OSCfg_StatTaskStkSizeRAM                 0x08010254   Data           4  os_cfg_app.o(.constdata)
    OSCfg_StkSizeMin                         0x08010258   Data           4  os_cfg_app.o(.constdata)
    OSCfg_TickRate_Hz                        0x0801025c   Data           4  os_cfg_app.o(.constdata)
    OSCfg_TickTaskPrio                       0x08010260   Data           1  os_cfg_app.o(.constdata)
    OSCfg_TickTaskStkBasePtr                 0x08010264   Data           4  os_cfg_app.o(.constdata)
    OSCfg_TickTaskStkLimit                   0x08010268   Data           4  os_cfg_app.o(.constdata)
    OSCfg_TickTaskStkSize                    0x0801026c   Data           4  os_cfg_app.o(.constdata)
    OSCfg_TickTaskStkSizeRAM                 0x08010270   Data           4  os_cfg_app.o(.constdata)
    OSCfg_TickWheelSize                      0x08010274   Data           2  os_cfg_app.o(.constdata)
    OSCfg_TickWheelSizeRAM                   0x08010278   Data           4  os_cfg_app.o(.constdata)
    OSCfg_TmrTaskPrio                        0x0801027c   Data           1  os_cfg_app.o(.constdata)
    OSCfg_TmrTaskRate_Hz                     0x08010280   Data           4  os_cfg_app.o(.constdata)
    OSCfg_TmrTaskStkBasePtr                  0x08010284   Data           4  os_cfg_app.o(.constdata)
    OSCfg_TmrTaskStkLimit                    0x08010288   Data           4  os_cfg_app.o(.constdata)
    OSCfg_TmrTaskStkSize                     0x0801028c   Data           4  os_cfg_app.o(.constdata)
    OSCfg_TmrTaskStkSizeRAM                  0x08010290   Data           4  os_cfg_app.o(.constdata)
    OSCfg_TmrWheelSize                       0x08010294   Data           2  os_cfg_app.o(.constdata)
    OSCfg_TmrWheelSizeRAM                    0x08010298   Data           4  os_cfg_app.o(.constdata)
    OSCfg_DataSizeRAM                        0x0801029c   Data           4  os_cfg_app.o(.constdata)
    OSDbg_DbgEn                              0x080102a0   Data           1  os_dbg.o(.constdata)
    OSDbg_ArgChkEn                           0x080102a1   Data           1  os_dbg.o(.constdata)
    OSDbg_AppHooksEn                         0x080102a2   Data           1  os_dbg.o(.constdata)
    OSDbg_EndiannessTest                     0x080102a4   Data           4  os_dbg.o(.constdata)
    OSDbg_CalledFromISRChkEn                 0x080102a8   Data           1  os_dbg.o(.constdata)
    OSDbg_FlagEn                             0x080102a9   Data           1  os_dbg.o(.constdata)
    OSDbg_FlagGrp                            0x080102ac   Data          40  os_dbg.o(.constdata)
    OSDbg_FlagDelEn                          0x080102d4   Data           1  os_dbg.o(.constdata)
    OSDbg_FlagModeClrEn                      0x080102d5   Data           1  os_dbg.o(.constdata)
    OSDbg_FlagPendAbortEn                    0x080102d6   Data           1  os_dbg.o(.constdata)
    OSDbg_FlagGrpSize                        0x080102d8   Data           2  os_dbg.o(.constdata)
    OSDbg_FlagWidth                          0x080102da   Data           2  os_dbg.o(.constdata)
    OSDbg_IntQ                               0x080102dc   Data           2  os_dbg.o(.constdata)
    OSDbg_ISRPostDeferredEn                  0x080102de   Data           1  os_dbg.o(.constdata)
    OSDbg_Mem                                0x080102e0   Data          32  os_dbg.o(.constdata)
    OSDbg_MemEn                              0x08010300   Data           1  os_dbg.o(.constdata)
    OSDbg_MemSize                            0x08010302   Data           2  os_dbg.o(.constdata)
    OSDbg_MsgEn                              0x08010304   Data           1  os_dbg.o(.constdata)
    OSDbg_MsgSize                            0x08010306   Data           2  os_dbg.o(.constdata)
    OSDbg_MsgPoolSize                        0x08010308   Data           2  os_dbg.o(.constdata)
    OSDbg_MsgQSize                           0x0801030a   Data           2  os_dbg.o(.constdata)
    OSDbg_Mutex                              0x0801030c   Data          44  os_dbg.o(.constdata)
    OSDbg_MutexEn                            0x08010338   Data           1  os_dbg.o(.constdata)
    OSDbg_MutexDelEn                         0x08010339   Data           1  os_dbg.o(.constdata)
    OSDbg_MutexPendAbortEn                   0x0801033a   Data           1  os_dbg.o(.constdata)
    OSDbg_MutexSize                          0x0801033c   Data           2  os_dbg.o(.constdata)
    OSDbg_ObjTypeChkEn                       0x0801033e   Data           1  os_dbg.o(.constdata)
    OSDbg_PendMultiEn                        0x0801033f   Data           1  os_dbg.o(.constdata)
    OSDbg_PendDataSize                       0x08010340   Data           2  os_dbg.o(.constdata)
    OSDbg_PendListSize                       0x08010342   Data           2  os_dbg.o(.constdata)
    OSDbg_PendObjSize                        0x08010344   Data           2  os_dbg.o(.constdata)
    OSDbg_PrioMax                            0x08010346   Data           2  os_dbg.o(.constdata)
    OSDbg_PrioTblSize                        0x08010348   Data           2  os_dbg.o(.constdata)
    OSDbg_PtrSize                            0x0801034a   Data           2  os_dbg.o(.constdata)
    OSDbg_Q                                  0x0801034c   Data          48  os_dbg.o(.constdata)
    OSDbg_QEn                                0x0801037c   Data           1  os_dbg.o(.constdata)
    OSDbg_QDelEn                             0x0801037d   Data           1  os_dbg.o(.constdata)
    OSDbg_QFlushEn                           0x0801037e   Data           1  os_dbg.o(.constdata)
    OSDbg_QPendAbortEn                       0x0801037f   Data           1  os_dbg.o(.constdata)
    OSDbg_QSize                              0x08010380   Data           2  os_dbg.o(.constdata)
    OSDbg_SchedRoundRobinEn                  0x08010382   Data           1  os_dbg.o(.constdata)
    OSDbg_Sem                                0x08010384   Data          40  os_dbg.o(.constdata)
    OSDbg_SemEn                              0x080103ac   Data           1  os_dbg.o(.constdata)
    OSDbg_SemDelEn                           0x080103ad   Data           1  os_dbg.o(.constdata)
    OSDbg_SemPendAbortEn                     0x080103ae   Data           1  os_dbg.o(.constdata)
    OSDbg_SemSetEn                           0x080103af   Data           1  os_dbg.o(.constdata)
    OSDbg_SemSize                            0x080103b0   Data           2  os_dbg.o(.constdata)
    OSDbg_RdyList                            0x080103b2   Data           2  os_dbg.o(.constdata)
    OSDbg_RdyListSize                        0x080103b4   Data           4  os_dbg.o(.constdata)
    OSDbg_StkWidth                           0x080103b8   Data           1  os_dbg.o(.constdata)
    OSDbg_StatTaskEn                         0x080103b9   Data           1  os_dbg.o(.constdata)
    OSDbg_StatTaskStkChkEn                   0x080103ba   Data           1  os_dbg.o(.constdata)
    OSDbg_TaskChangePrioEn                   0x080103bb   Data           1  os_dbg.o(.constdata)
    OSDbg_TaskDelEn                          0x080103bc   Data           1  os_dbg.o(.constdata)
    OSDbg_TaskQEn                            0x080103bd   Data           1  os_dbg.o(.constdata)
    OSDbg_TaskQPendAbortEn                   0x080103be   Data           1  os_dbg.o(.constdata)
    OSDbg_TaskProfileEn                      0x080103bf   Data           1  os_dbg.o(.constdata)
    OSDbg_TaskRegTblSize                     0x080103c0   Data           2  os_dbg.o(.constdata)
    OSDbg_TaskSemPendAbortEn                 0x080103c2   Data           1  os_dbg.o(.constdata)
    OSDbg_TaskSuspendEn                      0x080103c3   Data           1  os_dbg.o(.constdata)
    OSDbg_TCBSize                            0x080103c4   Data           2  os_dbg.o(.constdata)
    OSDbg_TickSpokeSize                      0x080103c6   Data           2  os_dbg.o(.constdata)
    OSDbg_TimeDlyHMSMEn                      0x080103c8   Data           1  os_dbg.o(.constdata)
    OSDbg_TimeDlyResumeEn                    0x080103c9   Data           1  os_dbg.o(.constdata)
    OSDbg_TLS_TblSize                        0x080103ca   Data           2  os_dbg.o(.constdata)
    OSDbg_Tmr                                0x080103cc   Data          52  os_dbg.o(.constdata)
    OSDbg_TmrEn                              0x08010400   Data           1  os_dbg.o(.constdata)
    OSDbg_TmrDelEn                           0x08010401   Data           1  os_dbg.o(.constdata)
    OSDbg_TmrSize                            0x08010402   Data           2  os_dbg.o(.constdata)
    OSDbg_TmrSpokeSize                       0x08010404   Data           2  os_dbg.o(.constdata)
    OSDbg_VersionNbr                         0x08010406   Data           2  os_dbg.o(.constdata)
    OSDbg_DataSize                           0x08010408   Data           4  os_dbg.o(.constdata)
    Region$$Table$$Base                      0x08010434   Number         0  anon$$obj.o(Region$$Table)
    Region$$Table$$Limit                     0x08010454   Number         0  anon$$obj.o(Region$$Table)
    s                                        0x20000000   Data           4  main.o(.data)
    SystemCoreClock                          0x20000004   Data           4  system_stm32f10x.o(.data)
    AHBPrescTable                            0x20000008   Data          16  system_stm32f10x.o(.data)
    FRONT_COLOR                              0x2000002c   Data           2  tftlcd.o(.data)
    BACK_COLOR                               0x2000002e   Data           2  tftlcd.o(.data)
    tftlcd_data                              0x20000030   Data           8  tftlcd.o(.data)
    n                                        0x20000038   Data           4  rs485.o(.data)
    __stdout                                 0x20000044   Data           4  usart.o(.data)
    Mem_PoolTbl                              0x20000048   Data           4  lib_mem.o(.data)
    CPU_TS_TmrFreq_Hz                        0x2000004c   Data           4  cpu_core.o(.data)
    CPU_IntDisMeasCtr                        0x20000050   Data           2  cpu_core.o(.data)
    CPU_IntDisNestCtr                        0x20000052   Data           2  cpu_core.o(.data)
    CPU_IntDisMeasStart_cnts                 0x20000054   Data           4  cpu_core.o(.data)
    CPU_IntDisMeasStop_cnts                  0x20000058   Data           4  cpu_core.o(.data)
    CPU_IntDisMeasOvrhd_cnts                 0x2000005c   Data           4  cpu_core.o(.data)
    CPU_IntDisMeasMaxCur_cnts                0x20000060   Data           4  cpu_core.o(.data)
    CPU_IntDisMeasMax_cnts                   0x20000064   Data           4  cpu_core.o(.data)
    OSPrioTbl                                0x20000068   Data           4  os_prio.o(.data)
    OS_AppTaskCreateHookPtr                  0x2000006c   Data           4  os_var.o(.data)
    OS_AppTaskDelHookPtr                     0x20000070   Data           4  os_var.o(.data)
    OS_AppTaskReturnHookPtr                  0x20000074   Data           4  os_var.o(.data)
    OS_AppIdleTaskHookPtr                    0x20000078   Data           4  os_var.o(.data)
    OS_AppStatTaskHookPtr                    0x2000007c   Data           4  os_var.o(.data)
    OS_AppTaskSwHookPtr                      0x20000080   Data           4  os_var.o(.data)
    OS_AppTimeTickHookPtr                    0x20000084   Data           4  os_var.o(.data)
    OSIdleTaskCtr                            0x20000088   Data           4  os_var.o(.data)
    OSIntNestingCtr                          0x2000008c   Data           1  os_var.o(.data)
    OSIntDisTimeMax                          0x20000090   Data           4  os_var.o(.data)
    OSRunning                                0x20000094   Data           1  os_var.o(.data)
    OSIntQInPtr                              0x20000098   Data           4  os_var.o(.data)
    OSIntQOutPtr                             0x2000009c   Data           4  os_var.o(.data)
    OSIntQNbrEntries                         0x200000a0   Data           2  os_var.o(.data)
    OSIntQNbrEntriesMax                      0x200000a2   Data           2  os_var.o(.data)
    OSIntQOvfCtr                             0x200000a4   Data           2  os_var.o(.data)
    OSIntQTaskTimeMax                        0x200000a8   Data           4  os_var.o(.data)
    OSFlagDbgListPtr                         0x200000ac   Data           4  os_var.o(.data)
    OSFlagQty                                0x200000b0   Data           2  os_var.o(.data)
    OSMemDbgListPtr                          0x200000b4   Data           4  os_var.o(.data)
    OSMemQty                                 0x200000b8   Data           2  os_var.o(.data)
    OSMutexDbgListPtr                        0x200000bc   Data           4  os_var.o(.data)
    OSMutexQty                               0x200000c0   Data           2  os_var.o(.data)
    OSPrioCur                                0x200000c2   Data           1  os_var.o(.data)
    OSPrioHighRdy                            0x200000c3   Data           1  os_var.o(.data)
    OSPrioSaved                              0x200000c4   Data           1  os_var.o(.data)
    OSQDbgListPtr                            0x200000c8   Data           4  os_var.o(.data)
    OSQQty                                   0x200000cc   Data           2  os_var.o(.data)
    OSSchedLockTimeBegin                     0x200000d0   Data           4  os_var.o(.data)
    OSSchedLockTimeMax                       0x200000d4   Data           4  os_var.o(.data)
    OSSchedLockTimeMaxCur                    0x200000d8   Data           4  os_var.o(.data)
    OSSchedLockNestingCtr                    0x200000dc   Data           1  os_var.o(.data)
    OSSchedRoundRobinDfltTimeQuanta          0x200000e0   Data           4  os_var.o(.data)
    OSSchedRoundRobinEn                      0x200000e4   Data           1  os_var.o(.data)
    OSSemDbgListPtr                          0x200000e8   Data           4  os_var.o(.data)
    OSSemQty                                 0x200000ec   Data           2  os_var.o(.data)
    OSStatResetFlag                          0x200000ee   Data           1  os_var.o(.data)
    OSStatTaskCPUUsage                       0x200000f0   Data           2  os_var.o(.data)
    OSStatTaskCPUUsageMax                    0x200000f2   Data           2  os_var.o(.data)
    OSStatTaskCtr                            0x200000f4   Data           4  os_var.o(.data)
    OSStatTaskCtrMax                         0x200000f8   Data           4  os_var.o(.data)
    OSStatTaskCtrRun                         0x200000fc   Data           4  os_var.o(.data)
    OSStatTaskRdy                            0x20000100   Data           1  os_var.o(.data)
    OSStatTaskTimeMax                        0x20000104   Data           4  os_var.o(.data)
    OSTaskCtxSwCtr                           0x20000108   Data           4  os_var.o(.data)
    OSTaskDbgListPtr                         0x2000010c   Data           4  os_var.o(.data)
    OSTaskQty                                0x20000110   Data           2  os_var.o(.data)
    OSTaskRegNextAvailID                     0x20000112   Data           1  os_var.o(.data)
    OSTickCtr                                0x20000114   Data           4  os_var.o(.data)
    OSTickTaskTimeMax                        0x20000118   Data           4  os_var.o(.data)
    OSTmrDbgListPtr                          0x2000011c   Data           4  os_var.o(.data)
    OSTmrQty                                 0x20000120   Data           2  os_var.o(.data)
    OSTmrTaskTimeMax                         0x20000124   Data           4  os_var.o(.data)
    OSTmrTickCtr                             0x20000128   Data           4  os_var.o(.data)
    OSTmrUpdateCnt                           0x2000012c   Data           4  os_var.o(.data)
    OSTmrUpdateCtr                           0x20000130   Data           4  os_var.o(.data)
    OSTCBCurPtr                              0x20000134   Data           4  os_var.o(.data)
    OSTCBHighRdyPtr                          0x20000138   Data           4  os_var.o(.data)
    OS_CPU_ExceptStkBase                     0x2000013c   Data           4  os_cpu_c.o(.data)
    StartTaskTCB                             0x20000140   Data         200  main.o(.bss)
    START_TASK_STK                           0x20000208   Data        2048  main.o(.bss)
    Led1TaskTCB                              0x20000a08   Data         200  main.o(.bss)
    LED1_TASK_STK                            0x20000ad0   Data         512  main.o(.bss)
    LCD1TaskTCB                              0x20000cd0   Data         200  main.o(.bss)
    LCD1_TASK_STK                            0x20000d98   Data        8192  main.o(.bss)
    PRINT1TaskTCB                            0x20002d98   Data         200  main.o(.bss)
    PRINT1_TASK_STK                          0x20002e60   Data        2048  main.o(.bss)
    send_buf                                 0x20003660   Data         500  rs485.o(.bss)
    trans_buf                                0x20003854   Data         500  rs485.o(.bss)
    sum_buf                                  0x20003a48   Data         500  rs485.o(.bss)
    num_buf                                  0x20003c3c   Data         500  rs485.o(.bss)
    num1_buf                                 0x20003e30   Data         500  rs485.o(.bss)
    Mem_PoolHeap                             0x20004024   Data          72  lib_mem.o(.bss)
    Mem_Heap                                 0x2000406c   Data       27648  lib_mem.o(.bss)
    CPU_Name                                 0x2000ac6c   Data          16  cpu_core.o(.bss)
    OSCfg_IdleTaskStk                        0x2000ac7c   Data         512  os_cfg_app.o(.bss)
    OSCfg_IntQ                               0x2000ae7c   Data         320  os_cfg_app.o(.bss)
    OSCfg_IntQTaskStk                        0x2000afbc   Data         512  os_cfg_app.o(.bss)
    OSCfg_ISRStk                             0x2000b1bc   Data         512  os_cfg_app.o(.bss)
    OSCfg_MsgPool                            0x2000b3bc   Data        1600  os_cfg_app.o(.bss)
    OSCfg_StatTaskStk                        0x2000b9fc   Data         512  os_cfg_app.o(.bss)
    OSCfg_TickTaskStk                        0x2000bbfc   Data         512  os_cfg_app.o(.bss)
    OSCfg_TickWheel                          0x2000bdfc   Data         136  os_cfg_app.o(.bss)
    OSCfg_TmrTaskStk                         0x2000be84   Data         512  os_cfg_app.o(.bss)
    OSCfg_TmrWheel                           0x2000c084   Data         136  os_cfg_app.o(.bss)
    OSIdleTaskTCB                            0x2000c10c   Data         200  os_var.o(.bss)
    OSIntQTaskTCB                            0x2000c1d4   Data         200  os_var.o(.bss)
    OSMsgPool                                0x2000c29c   Data          12  os_var.o(.bss)
    OSRdyList                                0x2000c2a8   Data         384  os_var.o(.bss)
    OSStatTaskTCB                            0x2000c428   Data         200  os_var.o(.bss)
    OSTickTaskTCB                            0x2000c4f0   Data         200  os_var.o(.bss)
    OSTmrTaskTCB                             0x2000c5b8   Data         200  os_var.o(.bss)
    __libspace_start                         0x2000c680   Data          96  libspace.o(.bss)
    __temporary_stack_top$libspace           0x2000c6e0   Data           0  libspace.o(.bss)



==============================================================================

Memory Map of the image

  Image Entry point : 0x08000955

  Load Region LR_1 (Base: 0x08000000, Size: 0x00010594, Max: 0xffffffff, ABSOLUTE, COMPRESSED[0x00010474])

    Execution Region ER_RO (Base: 0x08000000, Size: 0x00010454, Max: 0xffffffff, ABSOLUTE)

    Base Addr    Size         Type   Attr      Idx    E Section Name        Object

    0x08000000   0x00000130   Data   RO          308    RESET               startup_stm32f10x_hd.o
    0x08000130   0x00000008   Code   RO         1201  * !!!main             c_w.l(__main.o)
    0x08000138   0x00000034   Code   RO         1372    !!!scatter          c_w.l(__scatter.o)
    0x0800016c   0x0000005a   Code   RO         1370    !!dczerorl2         c_w.l(__dczerorl2.o)
    0x080001c6   0x00000002   PAD
    0x080001c8   0x0000001c   Code   RO         1374    !!handler_zi        c_w.l(__scatter_zi.o)
    0x080001e4   0x00000000   Code   RO         1188    .ARM.Collect$$_printf_percent$$00000000  c_w.l(_printf_percent.o)
    0x080001e4   0x00000006   Code   RO         1187    .ARM.Collect$$_printf_percent$$00000009  c_w.l(_printf_d.o)
    0x080001ea   0x00000006   Code   RO         1186    .ARM.Collect$$_printf_percent$$0000000C  c_w.l(_printf_x.o)
    0x080001f0   0x00000004   Code   RO         1212    .ARM.Collect$$_printf_percent$$00000017  c_w.l(_printf_percent_end.o)
    0x080001f4   0x00000002   Code   RO         1245    .ARM.Collect$$libinit$$00000000  c_w.l(libinit.o)
    0x080001f6   0x00000000   Code   RO         1252    .ARM.Collect$$libinit$$00000002  c_w.l(libinit2.o)
    0x080001f6   0x00000000   Code   RO         1255    .ARM.Collect$$libinit$$00000008  c_w.l(libinit2.o)
    0x080001f6   0x00000000   Code   RO         1257    .ARM.Collect$$libinit$$0000000A  c_w.l(libinit2.o)
    0x080001f6   0x00000000   Code   RO         1259    .ARM.Collect$$libinit$$0000000C  c_w.l(libinit2.o)
    0x080001f6   0x00000000   Code   RO         1262    .ARM.Collect$$libinit$$0000000F  c_w.l(libinit2.o)
    0x080001f6   0x00000000   Code   RO         1264    .ARM.Collect$$libinit$$00000011  c_w.l(libinit2.o)
    0x080001f6   0x00000000   Code   RO         1266    .ARM.Collect$$libinit$$00000013  c_w.l(libinit2.o)
    0x080001f6   0x00000000   Code   RO         1268    .ARM.Collect$$libinit$$00000015  c_w.l(libinit2.o)
    0x080001f6   0x00000000   Code   RO         1270    .ARM.Collect$$libinit$$00000017  c_w.l(libinit2.o)
    0x080001f6   0x00000000   Code   RO         1272    .ARM.Collect$$libinit$$00000019  c_w.l(libinit2.o)
    0x080001f6   0x00000000   Code   RO         1274    .ARM.Collect$$libinit$$0000001B  c_w.l(libinit2.o)
    0x080001f6   0x00000000   Code   RO         1276    .ARM.Collect$$libinit$$0000001D  c_w.l(libinit2.o)
    0x080001f6   0x00000000   Code   RO         1278    .ARM.Collect$$libinit$$0000001F  c_w.l(libinit2.o)
    0x080001f6   0x00000000   Code   RO         1280    .ARM.Collect$$libinit$$00000021  c_w.l(libinit2.o)
    0x080001f6   0x00000000   Code   RO         1282    .ARM.Collect$$libinit$$00000023  c_w.l(libinit2.o)
    0x080001f6   0x00000000   Code   RO         1286    .ARM.Collect$$libinit$$0000002A  c_w.l(libinit2.o)
    0x080001f6   0x00000000   Code   RO         1288    .ARM.Collect$$libinit$$0000002C  c_w.l(libinit2.o)
    0x080001f6   0x00000000   Code   RO         1290    .ARM.Collect$$libinit$$0000002E  c_w.l(libinit2.o)
    0x080001f6   0x00000000   Code   RO         1292    .ARM.Collect$$libinit$$00000030  c_w.l(libinit2.o)
    0x080001f6   0x00000002   Code   RO         1293    .ARM.Collect$$libinit$$00000031  c_w.l(libinit2.o)
    0x080001f8   0x00000002   Code   RO         1311    .ARM.Collect$$libshutdown$$00000000  c_w.l(libshutdown.o)
    0x080001fa   0x00000000   Code   RO         1322    .ARM.Collect$$libshutdown$$00000003  c_w.l(libshutdown2.o)
    0x080001fa   0x00000000   Code   RO         1325    .ARM.Collect$$libshutdown$$00000006  c_w.l(libshutdown2.o)
    0x080001fa   0x00000000   Code   RO         1328    .ARM.Collect$$libshutdown$$00000009  c_w.l(libshutdown2.o)
    0x080001fa   0x00000000   Code   RO         1330    .ARM.Collect$$libshutdown$$0000000B  c_w.l(libshutdown2.o)
    0x080001fa   0x00000000   Code   RO         1333    .ARM.Collect$$libshutdown$$0000000E  c_w.l(libshutdown2.o)
    0x080001fa   0x00000002   Code   RO         1334    .ARM.Collect$$libshutdown$$0000000F  c_w.l(libshutdown2.o)
    0x080001fc   0x00000000   Code   RO         1203    .ARM.Collect$$rtentry$$00000000  c_w.l(rtentry.o)
    0x080001fc   0x00000000   Code   RO         1216    .ARM.Collect$$rtentry$$00000002  c_w.l(rtentry2.o)
    0x080001fc   0x00000006   Code   RO         1228    .ARM.Collect$$rtentry$$00000004  c_w.l(rtentry4.o)
    0x08000202   0x00000000   Code   RO         1218    .ARM.Collect$$rtentry$$00000009  c_w.l(rtentry2.o)
    0x08000202   0x00000004   Code   RO         1219    .ARM.Collect$$rtentry$$0000000A  c_w.l(rtentry2.o)
    0x08000206   0x00000000   Code   RO         1221    .ARM.Collect$$rtentry$$0000000C  c_w.l(rtentry2.o)
    0x08000206   0x00000008   Code   RO         1222    .ARM.Collect$$rtentry$$0000000D  c_w.l(rtentry2.o)
    0x0800020e   0x00000002   Code   RO         1249    .ARM.Collect$$rtexit$$00000000  c_w.l(rtexit.o)
    0x08000210   0x00000000   Code   RO         1295    .ARM.Collect$$rtexit$$00000002  c_w.l(rtexit2.o)
    0x08000210   0x00000004   Code   RO         1296    .ARM.Collect$$rtexit$$00000003  c_w.l(rtexit2.o)
    0x08000214   0x00000006   Code   RO         1297    .ARM.Collect$$rtexit$$00000004  c_w.l(rtexit2.o)
    0x0800021a   0x00000002   PAD
    0x0800021c   0x00000718   Code   RO            1    .text               main.o
    0x08000934   0x0000001e   Code   RO          205    .text               stm32f10x_it.o
    0x08000952   0x00000002   PAD
    0x08000954   0x00000040   Code   RO          309  * .text               startup_stm32f10x_hd.o
    0x08000994   0x000001e0   Code   RO          314    .text               system_stm32f10x.o
    0x08000b74   0x000000dc   Code   RO          364    .text               misc.o
    0x08000c50   0x0000035c   Code   RO          395    .text               stm32f10x_gpio.o
    0x08000fac   0x000003a4   Code   RO          407    .text               stm32f10x_rcc.o
    0x08001350   0x00000408   Code   RO          421    .text               stm32f10x_usart.o
    0x08001758   0x0000060c   Code   RO          433    .text               stm32f10x_fsmc.o
    0x08001d64   0x00000254   Code   RO          469    .text               stm32f10x_dma.o
    0x08001fb8   0x00000034   Code   RO          481    .text               led.o
    0x08001fec   0x000000b2   Code   RO          499    .text               dma.o
    0x0800209e   0x00000002   PAD
    0x080020a0   0x00000e44   Code   RO          514    .text               tftlcd.o
    0x08002ee4   0x000001c8   Code   RO          549    .text               rs485.o
    0x080030ac   0x000000f0   Code   RO          578    .text               key.o
    0x0800319c   0x0000002c   Code   RO          662    .text               beep.o
    0x080031c8   0x000000cc   Code   RO          686    .text               systick.o
    0x08003294   0x000001a8   Code   RO          703    .text               usart.o
    0x0800343c   0x0000004c   Code   RO          725    .text               bsp.o
    0x08003488   0x00000256   Code   RO          743    .text               lib_ascii.o
    0x080036de   0x00000002   PAD
    0x080036e0   0x00000f8c   Code   RO          776    .text               lib_mem.o
    0x0800466c   0x00000928   Code   RO          795    .text               lib_str.o
    0x08004f94   0x00000220   Code   RO          812    .text               lib_mem_a.o
    0x080051b4   0x0000043c   Code   RO          815    .text               cpu_core.o
    0x080055f0   0x00000034   Code   RO          841    .text               cpu_a.o
    0x08005624   0x00000002   Code   RO          856    .text               os_cfg_app.o
    0x08005626   0x00000002   PAD
    0x08005628   0x00000e50   Code   RO          879    .text               os_core.o
    0x08006478   0x000001b4   Code   RO          891    .text               os_dbg.o
    0x0800662c   0x0000100c   Code   RO          906    .text               os_flag.o
    0x08007638   0x00000460   Code   RO          918    .text               os_int.o
    0x08007a98   0x00000278   Code   RO          930    .text               os_mem.o
    0x08007d10   0x00000228   Code   RO          942    .text               os_msg.o
    0x08007f38   0x00000c40   Code   RO          954    .text               os_mutex.o
    0x08008b78   0x0000007c   Code   RO          978    .text               os_prio.o
    0x08008bf4   0x00000a00   Code   RO          997    .text               os_q.o
    0x080095f4   0x00000934   Code   RO         1009    .text               os_sem.o
    0x08009f28   0x000006dc   Code   RO         1021    .text               os_stat.o
    0x0800a604   0x00001f88   Code   RO         1033    .text               os_task.o
    0x0800c58c   0x00000524   Code   RO         1045    .text               os_tick.o
    0x0800cab0   0x0000064c   Code   RO         1057    .text               os_time.o
    0x0800d0fc   0x00000864   Code   RO         1069    .text               os_tmr.o
    0x0800d960   0x0000028c   Code   RO         1098    .text               os_cpu_c.o
    0x0800dbec   0x00000018   Code   RO         1137    .text               c_w.l(noretval__2printf.o)
    0x0800dc04   0x00000028   Code   RO         1139    .text               c_w.l(noretval__2sprintf.o)
    0x0800dc2c   0x00000068   Code   RO         1141    .text               c_w.l(__printf.o)
    0x0800dc94   0x00000078   Code   RO         1143    .text               c_w.l(_printf_dec.o)
    0x0800dd0c   0x0000005c   Code   RO         1148    .text               c_w.l(_printf_hex_int.o)
    0x0800dd68   0x0000003e   Code   RO         1189    .text               c_w.l(strlen.o)
    0x0800dda6   0x00000018   Code   RO         1191    .text               c_w.l(strcat.o)
    0x0800ddbe   0x0000008a   Code   RO         1193    .text               c_w.l(rt_memcpy_v6.o)
    0x0800de48   0x00000044   Code   RO         1195    .text               c_w.l(rt_memclr.o)
    0x0800de8c   0x0000004e   Code   RO         1197    .text               c_w.l(rt_memclr_w.o)
    0x0800deda   0x00000006   Code   RO         1199    .text               c_w.l(heapauxi.o)
    0x0800dee0   0x000000b8   Code   RO         1204    .text               c_w.l(_printf_intcommon.o)
    0x0800df98   0x00000030   Code   RO         1206    .text               c_w.l(_printf_char_common.o)
    0x0800dfc8   0x0000000a   Code   RO         1208    .text               c_w.l(_sputc.o)
    0x0800dfd2   0x00000002   PAD
    0x0800dfd4   0x00000024   Code   RO         1210    .text               c_w.l(_printf_char_file.o)
    0x0800dff8   0x00000064   Code   RO         1213    .text               c_w.l(rt_memcpy_w.o)
    0x0800e05c   0x00000008   Code   RO         1232    .text               c_w.l(ferror.o)
    0x0800e064   0x0000004a   Code   RO         1236    .text               c_w.l(sys_stackheap_outer.o)
    0x0800e0ae   0x0000000c   Code   RO         1238    .text               c_w.l(exit.o)
    0x0800e0ba   0x00000002   PAD
    0x0800e0bc   0x00000008   Code   RO         1246    .text               c_w.l(libspace.o)
    0x0800e0c4   0x00000084   Code   RO         1095    CODE                os_cpu_a.o
    0x0800e148   0x00001f20   Data   RO          515    .constdata          tftlcd.o
    0x08010068   0x00000094   Data   RO          796    .constdata          lib_str.o
    0x080100fc   0x00000100   Data   RO          817    .constdata          cpu_core.o
    0x080101fc   0x000000a4   Data   RO          858    .constdata          os_cfg_app.o
    0x080102a0   0x0000016c   Data   RO          892    .constdata          os_dbg.o
    0x0801040c   0x00000028   Data   RO         1149    .constdata          c_w.l(_printf_hex_int.o)
    0x08010434   0x00000020   Data   RO         1368    Region$$Table       anon$$obj.o


    Execution Region ER_RW (Base: 0x20000000, Size: 0x00000140, Max: 0xffffffff, ABSOLUTE, COMPRESSED[0x00000020])

    Base Addr    Size         Type   Attr      Idx    E Section Name        Object

    0x20000000   0x00000004   Data   RW            3    .data               main.o
    0x20000004   0x00000014   Data   RW          315    .data               system_stm32f10x.o
    0x20000018   0x00000014   Data   RW          408    .data               stm32f10x_rcc.o
    0x2000002c   0x0000000c   Data   RW          516    .data               tftlcd.o
    0x20000038   0x00000004   Data   RW          551    .data               rs485.o
    0x2000003c   0x00000001   Data   RW          579    .data               key.o
    0x2000003d   0x00000001   PAD
    0x2000003e   0x00000004   Data   RW          687    .data               systick.o
    0x20000042   0x00000002   PAD
    0x20000044   0x00000004   Data   RW          704    .data               usart.o
    0x20000048   0x00000004   Data   RW          778    .data               lib_mem.o
    0x2000004c   0x0000001c   Data   RW          818    .data               cpu_core.o
    0x20000068   0x00000004   Data   RW          979    .data               os_prio.o
    0x2000006c   0x000000d0   Data   RW         1082    .data               os_var.o
    0x2000013c   0x00000004   Data   RW         1099    .data               os_cpu_c.o


    Execution Region ER_ZI (Base: 0x20000140, Size: 0x0000cfa0, Max: 0xffffffff, ABSOLUTE)

    Base Addr    Size         Type   Attr      Idx    E Section Name        Object

    0x20000140   0x00003520   Zero   RW            2    .bss                main.o
    0x20003660   0x000009c4   Zero   RW          550    .bss                rs485.o
    0x20004024   0x00006c48   Zero   RW          777    .bss                lib_mem.o
    0x2000ac6c   0x00000010   Zero   RW          816    .bss                cpu_core.o
    0x2000ac7c   0x00001490   Zero   RW          857    .bss                os_cfg_app.o
    0x2000c10c   0x00000574   Zero   RW         1081    .bss                os_var.o
    0x2000c680   0x00000060   Zero   RW         1247    .bss                c_w.l(libspace.o)
    0x2000c6e0   0x00000200   Zero   RW          307    HEAP                startup_stm32f10x_hd.o
    0x2000c8e0   0x00000800   Zero   RW          306    STACK               startup_stm32f10x_hd.o


==============================================================================

Image component sizes


      Code (inc. data)   RO Data    RW Data    ZI Data      Debug   Object Name

        44          6          0          0          0        464   beep.o
        76          8          0          0          0        995   bsp.o
        52          0          0          0          0        324   cpu_a.o
      1084         42        256         28         16      16385   cpu_core.o
       178          0          0          0          0       1594   dma.o
       240         22          0          1          0      41439   key.o
        52          6          0          0          0        463   led.o
       598          0          0          0          0       3872   lib_ascii.o
      3980         62          0          4      27720      25156   lib_mem.o
       544          0          0          0          0        472   lib_mem_a.o
      2344          4        148          0          0      13774   lib_str.o
      1816        234          0          4      13600     255919   main.o
       220         22          0          0          0     206813   misc.o
         2          0        164          0       5264      20894   os_cfg_app.o
      3664        294          0          0          0      12537   os_core.o
       132         32          0          0          0        368   os_cpu_a.o
       652         64          0          4          0       3829   os_cpu_c.o
       436        286        364          0          0       4749   os_dbg.o
      4108        110          0          0          0       8471   os_flag.o
      1120        146          0          0          0       2352   os_int.o
       632         22          0          0          0       2804   os_mem.o
       552         14          0          0          0       2646   os_msg.o
      3136        114          0          0          0       5882   os_mutex.o
       124          4          0          4          0       1724   os_prio.o
      2560         82          0          0          0       6572   os_q.o
      2356         72          0          0          0       6572   os_sem.o
      1756        190          0          0          0       2941   os_stat.o
      8072        282          0          0          0      15078   os_task.o
      1316         90          0          0          0       3313   os_tick.o
      1612         44          0          0          0       3481   os_time.o
      2148        140          0          0          0       6722   os_tmr.o
         0          0          0        208       1396      19457   os_var.o
       456         54          0          4       2500       1847   rs485.o
        64         26        304          0       2560        932   startup_stm32f10x_hd.o
       596          8          0          0          0       4450   stm32f10x_dma.o
      1548         18          0          0          0       5459   stm32f10x_fsmc.o
       860         38          0          0          0       5813   stm32f10x_gpio.o
        30          0          0          0          0      45545   stm32f10x_it.o
       932         36          0         20          0       9004   stm32f10x_rcc.o
      1032         22          0          0          0       8540   stm32f10x_usart.o
       480         38          0         20          0       2003   system_stm32f10x.o
       204          8          0          4          0       1061   systick.o
      3652         82       7968         12          0      12444   tftlcd.o
       424         18          0          4          0       3330   usart.o

    ----------------------------------------------------------------------
     55892       2740       9236        320      53056     798490   Object Totals
         0          0         32          0          0          0   (incl. Generated)
         8          0          0          3          0          0   (incl. Padding)

    ----------------------------------------------------------------------

      Code (inc. data)   RO Data    RW Data    ZI Data      Debug   Library Member Name

        90          0          0          0          0          0   __dczerorl2.o
         8          0          0          0          0         68   __main.o
       104          0          0          0          0         84   __printf.o
        52          8          0          0          0          0   __scatter.o
        28          0          0          0          0          0   __scatter_zi.o
        48          6          0          0          0         96   _printf_char_common.o
        36          4          0          0          0         80   _printf_char_file.o
         6          0          0          0          0          0   _printf_d.o
       120         18          0          0          0         92   _printf_dec.o
        92          4         40          0          0         88   _printf_hex_int.o
       184          0          0          0          0         88   _printf_intcommon.o
         0          0          0          0          0          0   _printf_percent.o
         4          0          0          0          0          0   _printf_percent_end.o
         6          0          0          0          0          0   _printf_x.o
        10          0          0          0          0         68   _sputc.o
        12          0          0          0          0         72   exit.o
         8          0          0          0          0         68   ferror.o
         6          0          0          0          0        152   heapauxi.o
         2          0          0          0          0          0   libinit.o
         2          0          0          0          0          0   libinit2.o
         2          0          0          0          0          0   libshutdown.o
         2          0          0          0          0          0   libshutdown2.o
         8          4          0          0         96         68   libspace.o
        24          4          0          0          0         84   noretval__2printf.o
        40          6          0          0          0         84   noretval__2sprintf.o
        68          0          0          0          0         68   rt_memclr.o
        78          0          0          0          0         80   rt_memclr_w.o
       138          0          0          0          0         68   rt_memcpy_v6.o
       100          0          0          0          0         80   rt_memcpy_w.o
         0          0          0          0          0          0   rtentry.o
        12          0          0          0          0          0   rtentry2.o
         6          0          0          0          0          0   rtentry4.o
         2          0          0          0          0          0   rtexit.o
        10          0          0          0          0          0   rtexit2.o
        24          0          0          0          0         68   strcat.o
        62          0          0          0          0         76   strlen.o
        74          0          0          0          0         80   sys_stackheap_outer.o

    ----------------------------------------------------------------------
      1476         54         40          0         96       1712   Library Totals
         8          0          0          0          0          0   (incl. Padding)

    ----------------------------------------------------------------------

      Code (inc. data)   RO Data    RW Data    ZI Data      Debug   Library Name

      1468         54         40          0         96       1712   c_w.l

    ----------------------------------------------------------------------
      1476         54         40          0         96       1712   Library Totals

    ----------------------------------------------------------------------

==============================================================================


      Code (inc. data)   RO Data    RW Data    ZI Data      Debug   

     57368       2794       9276        320      53152     795262   Grand Totals
     57368       2794       9276         32      53152     795262   ELF Image Totals (compressed)
     57368       2794       9276         32          0          0   ROM Totals

==============================================================================

    Total RO  Size (Code + RO Data)                66644 (  65.08kB)
    Total RW  Size (RW Data + ZI Data)             53472 (  52.22kB)
    Total ROM Size (Code + RO Data + RW Data)      66676 (  65.11kB)

==============================================================================

